Component: ARM Compiler 5.06 update 7 (build 960) Tool: armlink [4d3601]

==============================================================================

Section Cross References

    main.o(i.main) refers to board.o(i.board_lowlevel_init) for board_lowlevel_init
    main.o(i.main) refers to mpu6050.o(i.mpu6050_init) for mpu6050_init
    main.o(i.main) refers to rtc.o(i.rtc_init) for rtc_init
    main.o(i.main) refers to timer.o(i.timer_init) for timer_init
    main.o(i.main) refers to timer.o(i.timer_elapsed_register) for timer_elapsed_register
    main.o(i.main) refers to timer.o(i.timer_start) for timer_start
    main.o(i.main) refers to st7735.o(i.st7735_init) for st7735_init
    main.o(i.main) refers to st7735.o(i.st7735_fill_screen) for st7735_fill_screen
    main.o(i.main) refers to st7735.o(i.st7735_write_string) for st7735_write_string
    main.o(i.main) refers to delay.o(i.delay_ms) for delay_ms
    main.o(i.main) refers to main.o(i.wifi_init) for wifi_init
    main.o(i.main) refers to rtc.o(i.rtc_get_date) for rtc_get_date
    main.o(i.main) refers to printfa.o(i.__0snprintf) for __2snprintf
    main.o(i.main) refers to esp_at.o(i.esp_at_get_time) for esp_at_get_time
    main.o(i.main) refers to rtc.o(i.rtc_set_timestamp) for rtc_set_timestamp
    main.o(i.main) refers to esp_at.o(i.esp_at_get_http) for esp_at_get_http
    main.o(i.main) refers to weather.o(i.weather_parse) for weather_parse
    main.o(i.main) refers to strcmp.o(.text) for strcmp
    main.o(i.main) refers to st7735.o(i.st7735_draw_image) for st7735_draw_image
    main.o(i.main) refers to st7735.o(i.st7735_write_char) for st7735_write_char
    main.o(i.main) refers to mpu6050.o(i.mpu6050_read_temper) for mpu6050_read_temper
    main.o(i.main) refers to cfcmple.o(.text) for __aeabi_cfcmpeq
    main.o(i.main) refers to f2d.o(.text) for __aeabi_f2d
    main.o(i.main) refers to main.o(i.timer_elapsed_callback) for timer_elapsed_callback
    main.o(i.main) refers to main.o(.data) for disp_height
    main.o(i.main) refers to stfonts.o(.data) for st_font_ascii_8x16
    main.o(i.main) refers to font_time_48.o(.data) for font_time_24x48
    main.o(i.main) refers to icon_weather_duoyun.o(.constdata) for icon_weather_duoyun
    main.o(i.main) refers to icon_weather_feng.o(.constdata) for icon_weather_feng
    main.o(i.main) refers to icon_weather_qing.o(.constdata) for icon_weather_qing
    main.o(i.main) refers to icon_weather_xue.o(.constdata) for icon_weather_xue
    main.o(i.main) refers to icon_weather_yin.o(.constdata) for icon_weather_yin
    main.o(i.main) refers to icon_weather_yu.o(.constdata) for icon_weather_yu
    main.o(i.main) refers to font_temper_32.o(.data) for font_temper_16x32
    main.o(i.timer_elapsed_callback) refers to main.o(.data) for runms
    main.o(i.wifi_init) refers to st7735.o(i.st7735_write_string) for st7735_write_string
    main.o(i.wifi_init) refers to esp_at.o(i.esp_at_init) for esp_at_init
    main.o(i.wifi_init) refers to esp_at.o(i.esp_at_wifi_init) for esp_at_wifi_init
    main.o(i.wifi_init) refers to esp_at.o(i.esp_at_wifi_connect) for esp_at_wifi_connect
    main.o(i.wifi_init) refers to esp_at.o(i.esp_at_sntp_init) for esp_at_sntp_init
    main.o(i.wifi_init) refers to main.o(.data) for disp_height
    main.o(i.wifi_init) refers to stfonts.o(.data) for st_font_ascii_8x16
    main.o(.data) refers to main.o(.conststring) for .conststring
    board.o(i.board_lowlevel_init) refers to stm32f10x_rcc.o(i.RCC_APB1PeriphClockCmd) for RCC_APB1PeriphClockCmd
    board.o(i.board_lowlevel_init) refers to stm32f10x_rcc.o(i.RCC_APB2PeriphClockCmd) for RCC_APB2PeriphClockCmd
    board.o(i.board_lowlevel_init) refers to stm32f10x_rcc.o(i.RCC_AHBPeriphClockCmd) for RCC_AHBPeriphClockCmd
    weather.o(i.weather_parse) refers to strstr.o(.text) for strstr
    weather.o(i.weather_parse) refers to strchr.o(.text) for strchr
    weather.o(i.weather_parse) refers to strncpy.o(.text) for strncpy
    font_temper_32.o(.data) refers to font_temper_32.o(.constdata) for font_temper_16x32_data
    font_time_48.o(.data) refers to font_time_48.o(.constdata) for font_time_24x48_data
    esp_at.o(i.esp_at_get_http) refers to printfa.o(i.__0snprintf) for __2snprintf
    esp_at.o(i.esp_at_get_http) refers to esp_at.o(i.esp_at_send_command) for esp_at_send_command
    esp_at.o(i.esp_at_get_time) refers to esp_at.o(i.esp_at_send_command) for esp_at_send_command
    esp_at.o(i.esp_at_get_time) refers to strstr.o(.text) for strstr
    esp_at.o(i.esp_at_get_time) refers to atoi.o(.text) for atoi
    esp_at.o(i.esp_at_init) refers to esp_usart.o(i.esp_usart_init) for esp_usart_init
    esp_at.o(i.esp_at_init) refers to esp_usart.o(i.usart_receive_register) for usart_receive_register
    esp_at.o(i.esp_at_init) refers to esp_at.o(i.esp_at_reset) for esp_at_reset
    esp_at.o(i.esp_at_init) refers to esp_at.o(i.on_usart_reveive) for on_usart_reveive
[...]
    ../clib/microlib/init/entry.s            0x00000000   Number         0  entry9a.o ABSOLUTE
    ../clib/microlib/init/entry.s            0x00000000   Number         0  entry.o ABSOLUTE
    ../clib/microlib/init/entry.s            0x00000000   Number         0  entry8b.o ABSOLUTE
    ../clib/microlib/longlong.c              0x00000000   Number         0  llsshr.o ABSOLUTE
    ../clib/microlib/longlong.c              0x00000000   Number         0  llushr.o ABSOLUTE
    ../clib/microlib/longlong.c              0x00000000   Number         0  llshl.o ABSOLUTE
    ../clib/microlib/printf/printf.c         0x00000000   Number         0  printf2.o ABSOLUTE
    ../clib/microlib/printf/printf.c         0x00000000   Number         0  printf3.o ABSOLUTE
    ../clib/microlib/printf/printf.c         0x00000000   Number         0  printf7.o ABSOLUTE
    ../clib/microlib/printf/printf.c         0x00000000   Number         0  printfb.o ABSOLUTE
    ../clib/microlib/printf/printf.c         0x00000000   Number         0  printf6.o ABSOLUTE
    ../clib/microlib/printf/printf.c         0x00000000   Number         0  printf4.o ABSOLUTE
    ../clib/microlib/printf/printf.c         0x00000000   Number         0  printf8.o ABSOLUTE
    ../clib/microlib/printf/printf.c         0x00000000   Number         0  printf0.o ABSOLUTE
    ../clib/microlib/printf/printf.c         0x00000000   Number         0  printfa.o ABSOLUTE
    ../clib/microlib/printf/printf.c         0x00000000   Number         0  printf5.o ABSOLUTE
    ../clib/microlib/printf/printf.c         0x00000000   Number         0  printf1.o ABSOLUTE
    ../clib/microlib/printf/stubs.s          0x00000000   Number         0  stubs.o ABSOLUTE
    ../clib/microlib/stdio/fputc.c           0x00000000   Number         0  fputc.o ABSOLUTE
    ../clib/microlib/stdio/semi.s            0x00000000   Number         0  semi.o ABSOLUTE
    ../clib/microlib/stdio/streams.c         0x00000000   Number         0  stdout.o ABSOLUTE
    ../clib/microlib/string/memcpy.c         0x00000000   Number         0  memcpya.o ABSOLUTE
    ../clib/microlib/string/memcpy.c         0x00000000   Number         0  memcpyb.o ABSOLUTE
    ../clib/microlib/string/strchr.c         0x00000000   Number         0  strchr.o ABSOLUTE
    ../clib/microlib/string/strcmp.c         0x00000000   Number         0  strcmp.o ABSOLUTE
    ../clib/microlib/string/strlen.c         0x00000000   Number         0  strlen.o ABSOLUTE
    ../clib/microlib/string/strncpy.c        0x00000000   Number         0  strncpy.o ABSOLUTE
    ../clib/microlib/string/strstr.c         0x00000000   Number         0  strstr.o ABSOLUTE
    ../clib/microlib/stubs.s                 0x00000000   Number         0  iusefp.o ABSOLUTE
    ../clib/microlib/stubs.s                 0x00000000   Number         0  iusesemip.o ABSOLUTE
    ../clib/scanf.c                          0x00000000   Number         0  _strtoul.o ABSOLUTE
    ../clib/scanf.c                          0x00000000   Number         0  strtol.o ABSOLUTE
    ../clib/scanf.c                          0x00000000   Number         0  _chval.o ABSOLUTE
    ../clib/scanf.c                          0x00000000   Number         0  atoi.o ABSOLUTE
    ../fplib/microlib/f2d.c                  0x00000000   Number         0  f2d.o ABSOLUTE
    ../fplib/microlib/fpadd.c                0x00000000   Number         0  fadd.o ABSOLUTE
    ../fplib/microlib/fpadd.c                0x00000000   Number         0  dadd.o ABSOLUTE
    ../fplib/microlib/fpdiv.c                0x00000000   Number         0  ddiv.o ABSOLUTE
    ../fplib/microlib/fpdiv.c                0x00000000   Number         0  fdiv.o ABSOLUTE
    ../fplib/microlib/fpepilogue.c           0x00000000   Number         0  fepilogue.o ABSOLUTE
    ../fplib/microlib/fpepilogue.c           0x00000000   Number         0  depilogue.o ABSOLUTE
    ../fplib/microlib/fpfix.c                0x00000000   Number         0  dfixul.o ABSOLUTE
    ../fplib/microlib/fpflt.c                0x00000000   Number         0  fflti.o ABSOLUTE
    ../fplib/microlib/fpmul.c                0x00000000   Number         0  dmul.o ABSOLUTE
    ..\\firmware\\cmsis\\core\\core_cm3.c    0x00000000   Number         0  core_cm3.o ABSOLUTE
    ..\app\board.c                           0x00000000   Number         0  board.o ABSOLUTE
    ..\app\font_temper_32.c                  0x00000000   Number         0  font_temper_32.o ABSOLUTE
    ..\app\font_time_48.c                    0x00000000   Number         0  font_time_48.o ABSOLUTE
    ..\app\icon\icon_weather_duoyun.c        0x00000000   Number         0  icon_weather_duoyun.o ABSOLUTE
    ..\app\icon\icon_weather_feng.c          0x00000000   Number         0  icon_weather_feng.o ABSOLUTE
    ..\app\icon\icon_weather_qing.c          0x00000000   Number         0  icon_weather_qing.o ABSOLUTE
    ..\app\icon\icon_weather_xue.c           0x00000000   Number         0  icon_weather_xue.o ABSOLUTE
    ..\app\icon\icon_weather_yin.c           0x00000000   Number         0  icon_weather_yin.o ABSOLUTE
    ..\app\icon\icon_weather_yu.c            0x00000000   Number         0  icon_weather_yu.o ABSOLUTE
    ..\app\main.c                            0x00000000   Number         0  main.o ABSOLUTE
    ..\app\utils.c                           0x00000000   Number         0  utils.o ABSOLUTE
    ..\app\weather.c                         0x00000000   Number         0  weather.o ABSOLUTE
    ..\driver\delay.c                        0x00000000   Number         0  delay.o ABSOLUTE
    ..\driver\esp-at\esp_at.c                0x00000000   Number         0  esp_at.o ABSOLUTE
    ..\driver\esp-at\esp_usart.c             0x00000000   Number         0  esp_usart.o ABSOLUTE
    ..\driver\mpu6050\mpu6050.c              0x00000000   Number         0  mpu6050.o ABSOLUTE
    ..\driver\mpu6050\swi2c.c                0x00000000   Number         0  swi2c.o ABSOLUTE
    ..\driver\rtc.c                          0x00000000   Number         0  rtc.o ABSOLUTE
    ..\driver\st7735\lcd_spi.c               0x00000000   Number         0  lcd_spi.o ABSOLUTE
    ..\driver\st7735\st7735.c                0x00000000   Number         0  st7735.o ABSOLUTE
    ..\driver\st7735\stfonts.c               0x00000000   Number         0  stfonts.o ABSOLUTE
    ..\driver\timer.c                        0x00000000   Number         0  timer.o ABSOLUTE
    ..\firmware\cmsis\core\core_cm3.c        0x00000000   Number         0  core_cm3.o ABSOLUTE
    ..\firmware\cmsis\device\startup_stm32f10x_md.s 0x00000000   Number         0  startup_stm32f10x_md.o ABSOLUTE
    ..\firmware\cmsis\device\system_stm32f10x.c 0x00000000   Number         0  system_stm32f10x.o ABSOLUTE
    ..\firmware\driver\src\misc.c            0x00000000   Number         0  misc.o ABSOLUTE
    ..\firmware\driver\src\stm32f10x_adc.c   0x00000000   Number         0  stm32f10x_adc.o ABSOLUTE
    ..\firmware\driver\src\stm32f10x_bkp.c   0x00000000   Number         0  stm32f10x_bkp.o ABSOLUTE
    ..\firmware\driver\src\stm32f10x_can.c   0x00000000   Number         0  stm32f10x_can.o ABSOLUTE
    ..\firmware\driver\src\stm32f10x_cec.c   0x00000000   Number         0  stm32f10x_cec.o ABSOLUTE
    ..\firmware\driver\src\stm32f10x_crc.c   0x00000000   Number         0  stm32f10x_crc.o ABSOLUTE
    ..\firmware\driver\src\stm32f10x_dac.c   0x00000000   Number         0  stm32f10x_dac.o ABSOLUTE
    ..\firmware\driver\src\stm32f10x_dbgmcu.c 0x00000000   Number         0  stm32f10x_dbgmcu.o ABSOLUTE
    ..\firmware\driver\src\stm32f10x_dma.c   0x00000000   Number         0  stm32f10x_dma.o ABSOLUTE
    ..\firmware\driver\src\stm32f10x_exti.c  0x00000000   Number         0  stm32f10x_exti.o ABSOLUTE
    ..\firmware\driver\src\stm32f10x_flash.c 0x00000000   Number         0  stm32f10x_flash.o ABSOLUTE
    ..\firmware\driver\src\stm32f10x_fsmc.c  0x00000000   Number         0  stm32f10x_fsmc.o ABSOLUTE
    ..\firmware\driver\src\stm32f10x_gpio.c  0x00000000   Number         0  stm32f10x_gpio.o ABSOLUTE
    ..\firmware\driver\src\stm32f10x_i2c.c   0x00000000   Number         0  stm32f10x_i2c.o ABSOLUTE
    ..\firmware\driver\src\stm32f10x_iwdg.c  0x00000000   Number         0  stm32f10x_iwdg.o ABSOLUTE
    ..\firmware\driver\src\stm32f10x_pwr.c   0x00000000   Number         0  stm32f10x_pwr.o ABSOLUTE
    ..\firmware\driver\src\stm32f10x_rcc.c   0x00000000   Number         0  stm32f10x_rcc.o ABSOLUTE
    ..\firmware\driver\src\stm32f10x_rtc.c   0x00000000   Number         0  stm32f10x_rtc.o ABSOLUTE
    ..\firmware\driver\src\stm32f10x_sdio.c  0x00000000   Number         0  stm32f10x_sdio.o ABSOLUTE
    ..\firmware\driver\src\stm32f10x_spi.c   0x00000000   Number         0  stm32f10x_spi.o ABSOLUTE
    ..\firmware\driver\src\stm32f10x_tim.c   0x00000000   Number         0  stm32f10x_tim.o ABSOLUTE
    ..\firmware\driver\src\stm32f10x_usart.c 0x00000000   Number         0  stm32f10x_usart.o ABSOLUTE
    ..\firmware\driver\src\stm32f10x_wwdg.c  0x00000000   Number         0  stm32f10x_wwdg.o ABSOLUTE
    cdrcmple.s                               0x00000000   Number         0  cdrcmple.o ABSOLUTE
    cfcmple.s                                0x00000000   Number         0  cfcmple.o ABSOLUTE
    dc.s                                     0x00000000   Number         0  dc.o ABSOLUTE
    handlers.s                               0x00000000   Number         0  handlers.o ABSOLUTE
    init.s                                   0x00000000   Number         0  init.o ABSOLUTE
    RESET                                    0x08000000   Section      236  startup_stm32f10x_md.o(RESET)
    .ARM.Collect$$$$00000000                 0x080000ec   Section        0  entry.o(.ARM.Collect$$$$00000000)
    .ARM.Collect$$$$00000001                 0x080000ec   Section        4  entry2.o(.ARM.Collect$$$$00000001)
    .ARM.Collect$$$$00000004                 0x080000f0   Section        4  entry5.o(.ARM.Collect$$$$00000004)
    .ARM.Collect$$$$00000008                 0x080000f4   Section        0  entry7b.o(.ARM.Collect$$$$00000008)
    .ARM.Collect$$$$0000000A                 0x080000f4   Section        0  entry8b.o(.ARM.Collect$$$$0000000A)
    .ARM.Collect$$$$0000000B                 0x080000f4   Section        8  entry9a.o(.ARM.Collect$$$$0000000B)
    .ARM.Collect$$$$0000000E                 0x080000fc   Section        4  entry12b.o(.ARM.Collect$$$$0000000E)
    .ARM.Collect$$$$0000000F                 0x08000100   Section        0  entry10a.o(.ARM.Collect$$$$0000000F)
    .ARM.Collect$$$$00000011                 0x08000100   Section        0  entry11a.o(.ARM.Collect$$$$00000011)
    .ARM.Collect$$$$00002712                 0x08000100   Section        4  entry2.o(.ARM.Collect$$$$00002712)
    __lit__00000000                          0x08000100   Data           4  entry2.o(.ARM.Collect$$$$00002712)
    .text                                    0x08000104   Section       36  startup_stm32f10x_md.o(.text)
    .text                                    0x08000128   Section        0  memcpya.o(.text)
    .text                                    0x0800014c   Section        0  strstr.o(.text)
    .text                                    0x08000170   Section        0  strncpy.o(.text)
    .text                                    0x08000188   Section        0  strchr.o(.text)
    .text                                    0x0800019c   Section        0  strlen.o(.text)
    .text                                    0x080001aa   Section        0  strcmp.o(.text)
    .text                                    0x080001c6   Section        0  atoi.o(.text)
    .text                                    0x080001e0   Section        0  fadd.o(.text)
    .text                                    0x08000290   Section        0  fdiv.o(.text)
    .text                                    0x0800030c   Section        0  fflti.o(.text)
    .text                                    0x0800031e   Section        0  f2d.o(.text)
    .text                                    0x08000344   Section       20  cfcmple.o(.text)
    .text                                    0x08000358   Section        0  uidiv.o(.text)
    .text                                    0x08000384   Section        0  uldiv.o(.text)
    .text                                    0x080003e6   Section        0  strtol.o(.text)
    .text                                    0x08000456   Section        0  iusefp.o(.text)
    .text                                    0x08000456   Section        0  fepilogue.o(.text)
    .text                                    0x080004c4   Section        0  dadd.o(.text)
    .text                                    0x08000612   Section        0  dmul.o(.text)
    .text                                    0x080006f6   Section        0  ddiv.o(.text)
    .text                                    0x080007d4   Section        0  dfixul.o(.text)
    .text                                    0x08000804   Section       48  cdrcmple.o(.text)
    .text                                    0x08000834   Section       36  init.o(.text)
    .text                                    0x08000858   Section        0  llshl.o(.text)
    .text                                    0x08000876   Section        0  llushr.o(.text)
    .text                                    0x08000896   Section        0  llsshr.o(.text)
    .text                                    0x080008bc   Section        0  ctype_o.o(.text)
    .text                                    0x080008c4   Section        0  _strtoul.o(.text)
    .text                                    0x08000962   Section        0  depilogue.o(.text)
    .text                                    0x08000a1c   Section        0  _chval.o(.text)
    i.BKP_DeInit                             0x08000a38   Section        0  stm32f10x_bkp.o(i.BKP_DeInit)
    i.DMA1_Channel3_IRQHandler               0x08000a48   Section        0  lcd_spi.o(i.DMA1_Channel3_IRQHandler)
    i.DMA_ClearITPendingBit                  0x08000a80   Section        0  stm32f10x_dma.o(i.DMA_ClearITPendingBit)
    i.DMA_Cmd                                0x08000a9c   Section        0  stm32f10x_dma.o(i.DMA_Cmd)
    i.DMA_DeInit                             0x08000ab4   Section        0  stm32f10x_dma.o(i.DMA_DeInit)
    i.DMA_GetITStatus                        0x08000c00   Section        0  stm32f10x_dma.o(i.DMA_GetITStatus)
    i.DMA_ITConfig                           0x08000c2c   Section        0  stm32f10x_dma.o(i.DMA_ITConfig)
    i.DMA_Init                               0x08000c3e   Section        0  stm32f10x_dma.o(i.DMA_Init)
    i.GPIO_Init                              0x08000c7a   Section        0  stm32f10x_gpio.o(i.GPIO_Init)
    i.GPIO_ReadInputDataBit                  0x08000d90   Section        0  stm32f10x_gpio.o(i.GPIO_ReadInputDataBit)
    i.GPIO_ResetBits                         0x08000da2   Section        0  stm32f10x_gpio.o(i.GPIO_ResetBits)
    i.GPIO_SetBits                           0x08000da6   Section        0  stm32f10x_gpio.o(i.GPIO_SetBits)
    i.GPIO_WriteBit                          0x08000daa   Section        0  stm32f10x_gpio.o(i.GPIO_WriteBit)
    i.NVIC_Init                              0x08000db4   Section        0  misc.o(i.NVIC_Init)
    i.NVIC_PriorityGroupConfig               0x08000e24   Section        0  misc.o(i.NVIC_PriorityGroupConfig)
    i.PWR_BackupAccessCmd                    0x08000e38   Section        0  stm32f10x_pwr.o(i.PWR_BackupAccessCmd)
    i.RCC_AHBPeriphClockCmd                  0x08000e44   Section        0  stm32f10x_rcc.o(i.RCC_AHBPeriphClockCmd)
    i.RCC_APB1PeriphClockCmd                 0x08000e64   Section        0  stm32f10x_rcc.o(i.RCC_APB1PeriphClockCmd)
    i.RCC_APB2PeriphClockCmd                 0x08000e84   Section        0  stm32f10x_rcc.o(i.RCC_APB2PeriphClockCmd)
    i.RCC_BackupResetCmd                     0x08000ea4   Section        0  stm32f10x_rcc.o(i.RCC_BackupResetCmd)
    i.RCC_GetClocksFreq                      0x08000eb0   Section        0  stm32f10x_rcc.o(i.RCC_GetClocksFreq)
    i.RCC_GetFlagStatus                      0x08000f84   Section        0  stm32f10x_rcc.o(i.RCC_GetFlagStatus)
    i.RCC_LSEConfig                          0x08000fc0   Section        0  stm32f10x_rcc.o(i.RCC_LSEConfig)
    i.RCC_RTCCLKCmd                          0x08000ff4   Section        0  stm32f10x_rcc.o(i.RCC_RTCCLKCmd)
    i.RCC_RTCCLKConfig                       0x08001000   Section        0  stm32f10x_rcc.o(i.RCC_RTCCLKConfig)
    i.RTC_EnterConfigMode                    0x08001010   Section        0  stm32f10x_rtc.o(i.RTC_EnterConfigMode)
    i.RTC_ExitConfigMode                     0x08001024   Section        0  stm32f10x_rtc.o(i.RTC_ExitConfigMode)
    i.RTC_GetCounter                         0x08001038   Section        0  stm32f10x_rtc.o(i.RTC_GetCounter)
    i.RTC_SetCounter                         0x08001064   Section        0  stm32f10x_rtc.o(i.RTC_SetCounter)
    i.RTC_SetPrescaler                       0x08001080   Section        0  stm32f10x_rtc.o(i.RTC_SetPrescaler)
    i.RTC_WaitForLastTask                    0x080010a0   Section        0  stm32f10x_rtc.o(i.RTC_WaitForLastTask)
    i.RTC_WaitForSynchro                     0x080010b4   Section        0  stm32f10x_rtc.o(i.RTC_WaitForSynchro)
    i.SPI_Cmd                                0x080010d8   Section        0  stm32f10x_spi.o(i.SPI_Cmd)
    i.SPI_I2S_DMACmd                         0x080010f0   Section        0  stm32f10x_spi.o(i.SPI_I2S_DMACmd)
    i.SPI_I2S_GetFlagStatus                  0x08001102   Section        0  stm32f10x_spi.o(i.SPI_I2S_GetFlagStatus)
    i.SPI_I2S_SendData                       0x08001114   Section        0  stm32f10x_spi.o(i.SPI_I2S_SendData)
    i.SPI_Init                               0x08001118   Section        0  stm32f10x_spi.o(i.SPI_Init)
    i.SetSysClock                            0x08001154   Section        0  system_stm32f10x.o(i.SetSysClock)
    SetSysClock                              0x08001155   Thumb Code     8  system_stm32f10x.o(i.SetSysClock)
    i.SetSysClockTo72                        0x0800115c   Section        0  system_stm32f10x.o(i.SetSysClockTo72)
    SetSysClockTo72                          0x0800115d   Thumb Code   214  system_stm32f10x.o(i.SetSysClockTo72)
    i.SystemInit                             0x0800123c   Section        0  system_stm32f10x.o(i.SystemInit)
    i.TIM2_IRQHandler                        0x0800129c   Section        0  timer.o(i.TIM2_IRQHandler)
    i.TIM_ClearITPendingBit                  0x080012c4   Section        0  stm32f10x_tim.o(i.TIM_ClearITPendingBit)
    i.TIM_Cmd                                0x080012ca   Section        0  stm32f10x_tim.o(i.TIM_Cmd)
    i.TIM_GetITStatus                        0x080012e2   Section        0  stm32f10x_tim.o(i.TIM_GetITStatus)
    i.TIM_ITConfig                           0x08001304   Section        0  stm32f10x_tim.o(i.TIM_ITConfig)
    i.TIM_TimeBaseInit                       0x08001318   Section        0  stm32f10x_tim.o(i.TIM_TimeBaseInit)
    i.USART2_IRQHandler                      0x080013bc   Section        0  esp_usart.o(i.USART2_IRQHandler)
    i.USART_ClearITPendingBit                0x080013f8   Section        0  stm32f10x_usart.o(i.USART_ClearITPendingBit)
    i.USART_Cmd                              0x08001416   Section        0  stm32f10x_usart.o(i.USART_Cmd)
    i.USART_GetFlagStatus                    0x0800142e   Section        0  stm32f10x_usart.o(i.USART_GetFlagStatus)
    i.USART_GetITStatus                      0x08001448   Section        0  stm32f10x_usart.o(i.USART_GetITStatus)
    i.USART_ITConfig                         0x0800149c   Section        0  stm32f10x_usart.o(i.USART_ITConfig)
    i.USART_Init                             0x080014e8   Section        0  stm32f10x_usart.o(i.USART_Init)
    i.USART_ReceiveData                      0x080015c0   Section        0  stm32f10x_usart.o(i.USART_ReceiveData)
    i.USART_SendData                         0x080015ca   Section        0  stm32f10x_usart.o(i.USART_SendData)
    i.__0snprintf                            0x080015d4   Section        0  printfa.o(i.__0snprintf)
    i.__aeabi_errno_addr                     0x08001608   Section        0  errno.o(i.__aeabi_errno_addr)
    i.__scatterload_copy                     0x08001610   Section       14  handlers.o(i.__scatterload_copy)
    i.__scatterload_null                     0x0800161e   Section        2  handlers.o(i.__scatterload_null)
    i.__scatterload_zeroinit                 0x08001620   Section       14  handlers.o(i.__scatterload_zeroinit)
    i._fp_digits                             0x08001630   Section        0  printfa.o(i._fp_digits)
    _fp_digits                               0x08001631   Thumb Code   366  printfa.o(i._fp_digits)
    i._printf_core                           0x080017b4   Section        0  printfa.o(i._printf_core)
    _printf_core                             0x080017b5   Thumb Code  1704  printfa.o(i._printf_core)
    i._printf_post_padding                   0x08001e68   Section        0  printfa.o(i._printf_post_padding)
    _printf_post_padding                     0x08001e69   Thumb Code    36  printfa.o(i._printf_post_padding)
    i._printf_pre_padding                    0x08001e8c   Section        0  printfa.o(i._printf_pre_padding)
    _printf_pre_padding                      0x08001e8d   Thumb Code    46  printfa.o(i._printf_pre_padding)
    i._snputc                                0x08001eba   Section        0  printfa.o(i._snputc)
    _snputc                                  0x08001ebb   Thumb Code    22  printfa.o(i._snputc)
    i.board_lowlevel_init                    0x08001ed0   Section        0  board.o(i.board_lowlevel_init)
    i.delay_ms                               0x08001f14   Section        0  delay.o(i.delay_ms)
    i.delay_us                               0x08001f2c   Section        0  delay.o(i.delay_us)
    i.esp_at_get_http                        0x08001f5c   Section        0  esp_at.o(i.esp_at_get_http)
    i.esp_at_get_time                        0x08001fa0   Section        0  esp_at.o(i.esp_at_get_time)
    i.esp_at_init                            0x08001ff4   Section        0  esp_at.o(i.esp_at_init)
    i.esp_at_reset                           0x0800200c   Section        0  esp_at.o(i.esp_at_reset)
    i.esp_at_send_command                    0x08002074   Section        0  esp_at.o(i.esp_at_send_command)
    i.esp_at_sntp_init                       0x080020d4   Section        0  esp_at.o(i.esp_at_sntp_init)
    i.esp_at_wifi_connect                    0x08002144   Section        0  esp_at.o(i.esp_at_wifi_connect)
    i.esp_at_wifi_init                       0x08002188   Section        0  esp_at.o(i.esp_at_wifi_init)
    i.esp_usart_init                         0x080021ac   Section        0  esp_usart.o(i.esp_usart_init)
    i.esp_usart_io_init                      0x080021bc   Section        0  esp_usart.o(i.esp_usart_io_init)
    esp_usart_io_init                        0x080021bd   Thumb Code    56  esp_usart.o(i.esp_usart_io_init)
    i.esp_usart_lowlevel_init                0x080021f8   Section        0  esp_usart.o(i.esp_usart_lowlevel_init)
    esp_usart_lowlevel_init                  0x080021f9   Thumb Code    64  esp_usart.o(i.esp_usart_lowlevel_init)
    i.esp_usart_nvic_init                    0x0800223c   Section        0  esp_usart.o(i.esp_usart_nvic_init)
    esp_usart_nvic_init                      0x0800223d   Thumb Code    42  esp_usart.o(i.esp_usart_nvic_init)
    i.esp_usart_write_data                   0x08002268   Section        0  esp_usart.o(i.esp_usart_write_data)
    i.esp_usart_write_string                 0x08002298   Section        0  esp_usart.o(i.esp_usart_write_string)
    i.lcd_spi_init                           0x080022ae   Section        0  lcd_spi.o(i.lcd_spi_init)
    i.lcd_spi_io_init                        0x080022c0   Section        0  lcd_spi.o(i.lcd_spi_io_init)
    i.lcd_spi_lowlevel_init                  0x08002310   Section        0  lcd_spi.o(i.lcd_spi_lowlevel_init)
    i.lcd_spi_nvic_init                      0x0800236c   Section        0  lcd_spi.o(i.lcd_spi_nvic_init)
    i.lcd_spi_send_finish_register           0x08002398   Section        0  lcd_spi.o(i.lcd_spi_send_finish_register)
    i.lcd_spi_write                          0x080023a4   Section        0  lcd_spi.o(i.lcd_spi_write)
    i.lcd_spi_write_dma                      0x080023e0   Section        0  lcd_spi.o(i.lcd_spi_write_dma)
    i.main                                   0x0800243c   Section        0  main.o(i.main)
    i.mpu6050_init                           0x08002828   Section        0  mpu6050.o(i.mpu6050_init)
    i.mpu6050_read_temper                    0x08002890   Section        0  mpu6050.o(i.mpu6050_read_temper)
    i.on_usart_reveive                       0x080028cc   Section        0  esp_at.o(i.on_usart_reveive)
    on_usart_reveive                         0x080028cd   Thumb Code   206  esp_at.o(i.on_usart_reveive)
    i.rtc_get_date                           0x080029ac   Section        0  rtc.o(i.rtc_get_date)
    i.rtc_init                               0x080029c2   Section        0  rtc.o(i.rtc_init)
    i.rtc_set_timestamp                      0x08002a04   Section        0  rtc.o(i.rtc_set_timestamp)
    i.spi_on_async_finish                    0x08002a18   Section        0  st7735.o(i.spi_on_async_finish)
    spi_on_async_finish                      0x08002a19   Thumb Code     8  st7735.o(i.spi_on_async_finish)
    i.st7735_draw_image                      0x08002a24   Section        0  st7735.o(i.st7735_draw_image)
    i.st7735_exec_cmds                       0x08002a92   Section        0  st7735.o(i.st7735_exec_cmds)
    st7735_exec_cmds                         0x08002a93   Thumb Code    64  st7735.o(i.st7735_exec_cmds)
    i.st7735_fill_rect                       0x08002ad4   Section        0  st7735.o(i.st7735_fill_rect)
    i.st7735_fill_screen                     0x08002bac   Section        0  st7735.o(i.st7735_fill_screen)
    i.st7735_find_font                       0x08002bc0   Section        0  st7735.o(i.st7735_find_font)
    st7735_find_font                         0x08002bc1   Thumb Code    56  st7735.o(i.st7735_find_font)
    i.st7735_init                            0x08002bf8   Section        0  st7735.o(i.st7735_init)
    i.st7735_pin_init                        0x08002c34   Section        0  st7735.o(i.st7735_pin_init)
    st7735_pin_init                          0x08002c35   Thumb Code    86  st7735.o(i.st7735_pin_init)
    i.st7735_reset                           0x08002c94   Section        0  st7735.o(i.st7735_reset)
    i.st7735_select                          0x08002cbc   Section        0  st7735.o(i.st7735_select)
    i.st7735_set_window                      0x08002cd0   Section        0  st7735.o(i.st7735_set_window)
    st7735_set_window                        0x08002cd1   Thumb Code    82  st7735.o(i.st7735_set_window)
    i.st7735_unselect                        0x08002d24   Section        0  st7735.o(i.st7735_unselect)
    i.st7735_write_char                      0x08002d38   Section        0  st7735.o(i.st7735_write_char)
    i.st7735_write_cmd                       0x08002df8   Section        0  st7735.o(i.st7735_write_cmd)
    st7735_write_cmd                         0x08002df9   Thumb Code    22  st7735.o(i.st7735_write_cmd)
    i.st7735_write_data                      0x08002e14   Section        0  st7735.o(i.st7735_write_data)
    st7735_write_data                        0x08002e15   Thumb Code    42  st7735.o(i.st7735_write_data)
    i.st7735_write_string                    0x08002e48   Section        0  st7735.o(i.st7735_write_string)
    i.swi2c_init                             0x08002ea4   Section        0  swi2c.o(i.swi2c_init)
    i.swi2c_io_init                          0x08002eac   Section        0  swi2c.o(i.swi2c_io_init)
    swi2c_io_init                            0x08002ead   Thumb Code    56  swi2c.o(i.swi2c_io_init)
    i.swi2c_read                             0x08002ee8   Section        0  swi2c.o(i.swi2c_read)
    i.swi2c_read_byte                        0x08002f4c   Section        0  swi2c.o(i.swi2c_read_byte)
    swi2c_read_byte                          0x08002f4d   Thumb Code   136  swi2c.o(i.swi2c_read_byte)
    i.swi2c_start                            0x08002fd8   Section        0  swi2c.o(i.swi2c_start)
    swi2c_start                              0x08002fd9   Thumb Code    48  swi2c.o(i.swi2c_start)
    i.swi2c_stop                             0x0800300c   Section        0  swi2c.o(i.swi2c_stop)
    swi2c_stop                               0x0800300d   Thumb Code    46  swi2c.o(i.swi2c_stop)
    i.swi2c_write                            0x08003040   Section        0  swi2c.o(i.swi2c_write)
    i.swi2c_write_byte                       0x08003084   Section        0  swi2c.o(i.swi2c_write_byte)
    swi2c_write_byte                         0x08003085   Thumb Code   140  swi2c.o(i.swi2c_write_byte)
    i.timer_elapsed_callback                 0x08003114   Section        0  main.o(i.timer_elapsed_callback)
    timer_elapsed_callback                   0x08003115   Thumb Code    28  main.o(i.timer_elapsed_callback)
    i.timer_elapsed_register                 0x08003138   Section        0  timer.o(i.timer_elapsed_register)
    i.timer_init                             0x08003144   Section        0  timer.o(i.timer_init)
    i.timer_start                            0x08003192   Section        0  timer.o(i.timer_start)
    i.ts_to_date                             0x080031a0   Section        0  rtc.o(i.ts_to_date)
    i.usart_receive_register                 0x0800328c   Section        0  esp_usart.o(i.usart_receive_register)
    i.weather_parse                          0x08003298   Section        0  weather.o(i.weather_parse)
    i.wifi_init                              0x08003338   Section        0  main.o(i.wifi_init)
    wifi_init                                0x08003339   Thumb Code   348  main.o(i.wifi_init)
    .constdata                               0x08003524   Section      845  font_temper_32.o(.constdata)
    font_temper_16x32_data                   0x08003524   Data         845  font_temper_32.o(.constdata)
    .constdata                               0x08003871   Section     1740  font_time_48.o(.constdata)
    font_time_24x48_data                     0x08003871   Data        1740  font_time_48.o(.constdata)
    .constdata                               0x08003f40   Section     4620  icon_weather_duoyun.o(.constdata)
    duoyun_map                               0x08003f40   Data        4608  icon_weather_duoyun.o(.constdata)
    .constdata                               0x0800514c   Section     4620  icon_weather_feng.o(.constdata)
    feng_map                                 0x0800514c   Data        4608  icon_weather_feng.o(.constdata)
    .constdata                               0x08006358   Section     4620  icon_weather_qing.o(.constdata)
    qing_map                                 0x08006358   Data        4608  icon_weather_qing.o(.constdata)
    .constdata                               0x08007564   Section     4620  icon_weather_xue.o(.constdata)
    xue_map                                  0x08007564   Data        4608  icon_weather_xue.o(.constdata)
    .constdata                               0x08008770   Section     4620  icon_weather_yin.o(.constdata)
    yin_map                                  0x08008770   Data        4608  icon_weather_yin.o(.constdata)
    .constdata                               0x0800997c   Section     4620  icon_weather_yu.o(.constdata)
    yu_map                                   0x0800997c   Data        4608  icon_weather_yu.o(.constdata)
    .constdata                               0x0800ab88   Section      109  st7735.o(.constdata)
    init_cmd_list                            0x0800ab88   Data         109  st7735.o(.constdata)
    .constdata                               0x0800abf5   Section     1697  stfonts.o(.constdata)
    font_ascii_8x16_data                     0x0800abf5   Data        1615  stfonts.o(.constdata)
    font_temper_8x16_data                    0x0800b244   Data          17  stfonts.o(.constdata)
    self_font_temper_16x32_data              0x0800b255   Data          65  stfonts.o(.constdata)
    .constdata                               0x0800b298   Section       48  rtc.o(.constdata)
    .constdata                               0x0800b2c8   Section      129  ctype_o.o(.constdata)
    .constdata                               0x0800b34c   Section        4  ctype_o.o(.constdata)
    table                                    0x0800b34c   Data           4  ctype_o.o(.constdata)
    .conststring                             0x0800b350   Section      122  main.o(.conststring)
    .data                                    0x20000000   Section       23  main.o(.data)
    wifi_ssid                                0x20000000   Data           4  main.o(.data)
    wifi_passward                            0x20000004   Data           4  main.o(.data)
    weather_url                              0x20000008   Data           4  main.o(.data)
    runms                                    0x2000000c   Data           4  main.o(.data)
    disp_height                              0x20000010   Data           4  main.o(.data)
    sntp_ok                                  0x20000014   Data           1  main.o(.data)
    weather_ok                               0x20000015   Data           1  main.o(.data)
    temper_ok                                0x20000016   Data           1  main.o(.data)
    .data                                    0x20000018   Section       12  font_temper_32.o(.data)
    .data                                    0x20000024   Section       12  font_time_48.o(.data)
    .data                                    0x20000030   Section        4  esp_at.o(.data)
    rxdata_len                               0x20000030   Data           2  esp_at.o(.data)
    rxresult                                 0x20000032   Data           1  esp_at.o(.data)
    rxready                                  0x20000033   Data           1  esp_at.o(.data)
    .data                                    0x20000034   Section        4  esp_usart.o(.data)
    esp_usart_receive_callback               0x20000034   Data           4  esp_usart.o(.data)
    .data                                    0x20000038   Section        4  lcd_spi.o(.data)
    lcd_spi_send_finish_callback             0x20000038   Data           4  lcd_spi.o(.data)
    .data                                    0x2000003c   Section        1  st7735.o(.data)
    lcd_spi_async_done                       0x2000003c   Data           1  st7735.o(.data)
    .data                                    0x20000040   Section       36  stfonts.o(.data)
    .data                                    0x20000064   Section        4  timer.o(.data)
    timer_elapsed_callback                   0x20000064   Data           4  timer.o(.data)
    .data                                    0x20000068   Section       20  stm32f10x_rcc.o(.data)
    APBAHBPrescTable                         0x20000068   Data          16  stm32f10x_rcc.o(.data)
    ADCPrescTable                            0x20000078   Data           4  stm32f10x_rcc.o(.data)
    .data                                    0x2000007c   Section        4  errno.o(.data)
    _errno                                   0x2000007c   Data           4  errno.o(.data)
    .bss                                     0x20000080   Section     4096  esp_at.o(.bss)
    rxdata_buffer                            0x20000080   Data        4096  esp_at.o(.bss)
    .bss                                     0x20001080   Section     4096  st7735.o(.bss)
    gram_buffer                              0x20001080   Data        4096  st7735.o(.bss)
    STACK                                    0x20002080   Section     1024  startup_stm32f10x_md.o(STACK)

    Global Symbols

    Symbol Name                              Value     Ov Type        Size  Object(Section)

    BuildAttributes$$THM_ISAv4$P$D$K$B$S$PE$A:L22UL41UL21$X:L11$S22US41US21$IEEE1$IW$USESV6$~STKCKD$USESV7$~SHL$OTIME$ROPI$EBA8$MICROLIB$REQ8$PRES8$EABIv2 0x00000000   Number         0  anon$$obj.o ABSOLUTE
    __ARM_use_no_argv                        0x00000000   Number         0  main.o ABSOLUTE
    _printf_a                                0x00000000   Number         0  stubs.o ABSOLUTE
    _printf_c                                0x00000000   Number         0  stubs.o ABSOLUTE
    _printf_charcount                        0x00000000   Number         0  stubs.o ABSOLUTE
    _printf_d                                0x00000000   Number         0  stubs.o ABSOLUTE
    _printf_e                                0x00000000   Number         0  stubs.o ABSOLUTE
    _printf_f                                0x00000000   Number         0  stubs.o ABSOLUTE
    _printf_flags                            0x00000000   Number         0  stubs.o ABSOLUTE
    _printf_fp_dec                           0x00000000   Number         0  stubs.o ABSOLUTE
    _printf_fp_hex                           0x00000000   Number         0  stubs.o ABSOLUTE
    _printf_g                                0x00000000   Number         0  stubs.o ABSOLUTE
    _printf_i                                0x00000000   Number         0  stubs.o ABSOLUTE
    _printf_int_dec                          0x00000000   Number         0  stubs.o ABSOLUTE
    _printf_l                                0x00000000   Number         0  stubs.o ABSOLUTE
    _printf_lc                               0x00000000   Number         0  stubs.o ABSOLUTE
    _printf_ll                               0x00000000   Number         0  stubs.o ABSOLUTE
    _printf_lld                              0x00000000   Number         0  stubs.o ABSOLUTE
    _printf_lli                              0x00000000   Number         0  stubs.o ABSOLUTE
    _printf_llo                              0x00000000   Number         0  stubs.o ABSOLUTE
    _printf_llu                              0x00000000   Number         0  stubs.o ABSOLUTE
    _printf_llx                              0x00000000   Number         0  stubs.o ABSOLUTE
    _printf_longlong_dec                     0x00000000   Number         0  stubs.o ABSOLUTE
    _printf_longlong_hex                     0x00000000   Number         0  stubs.o ABSOLUTE
    _printf_longlong_oct                     0x00000000   Number         0  stubs.o ABSOLUTE
    _printf_ls                               0x00000000   Number         0  stubs.o ABSOLUTE
    _printf_mbtowc                           0x00000000   Number         0  stubs.o ABSOLUTE
    _printf_n                                0x00000000   Number         0  stubs.o ABSOLUTE
    _printf_o                                0x00000000   Number         0  stubs.o ABSOLUTE
    _printf_p                                0x00000000   Number         0  stubs.o ABSOLUTE
    _printf_percent                          0x00000000   Number         0  stubs.o ABSOLUTE
    _printf_pre_padding                      0x00000000   Number         0  stubs.o ABSOLUTE
    _printf_return_value                     0x00000000   Number         0  stubs.o ABSOLUTE
    _printf_s                                0x00000000   Number         0  stubs.o ABSOLUTE
    _printf_sizespec                         0x00000000   Number         0  stubs.o ABSOLUTE
    _printf_str                              0x00000000   Number         0  stubs.o ABSOLUTE
    _printf_truncate_signed                  0x00000000   Number         0  stubs.o ABSOLUTE
    _printf_truncate_unsigned                0x00000000   Number         0  stubs.o ABSOLUTE
    _printf_u                                0x00000000   Number         0  stubs.o ABSOLUTE
    _printf_wc                               0x00000000   Number         0  stubs.o ABSOLUTE
    _printf_wctomb                           0x00000000   Number         0  stubs.o ABSOLUTE
    _printf_widthprec                        0x00000000   Number         0  stubs.o ABSOLUTE
    _printf_x                                0x00000000   Number         0  stubs.o ABSOLUTE
    __arm_fini_                               - Undefined Weak Reference
    __cpp_initialize__aeabi_                  - Undefined Weak Reference
    __cxa_finalize                            - Undefined Weak Reference
    __decompress                              - Undefined Weak Reference
    _clock_init                               - Undefined Weak Reference
    _microlib_exit                            - Undefined Weak Reference
    __Vectors_Size                           0x000000ec   Number         0  startup_stm32f10x_md.o ABSOLUTE
    __Vectors                                0x08000000   Data           4  startup_stm32f10x_md.o(RESET)
    __Vectors_End                            0x080000ec   Data           0  startup_stm32f10x_md.o(RESET)
    __main                                   0x080000ed   Thumb Code     0  entry.o(.ARM.Collect$$$$00000000)
    _main_stk                                0x080000ed   Thumb Code     0  entry2.o(.ARM.Collect$$$$00000001)
    _main_scatterload                        0x080000f1   Thumb Code     0  entry5.o(.ARM.Collect$$$$00000004)
    __main_after_scatterload                 0x080000f5   Thumb Code     0  entry5.o(.ARM.Collect$$$$00000004)
    _main_clock                              0x080000f5   Thumb Code     0  entry7b.o(.ARM.Collect$$$$00000008)
    _main_cpp_init                           0x080000f5   Thumb Code     0  entry8b.o(.ARM.Collect$$$$0000000A)
    _main_init                               0x080000f5   Thumb Code     0  entry9a.o(.ARM.Collect$$$$0000000B)
    __rt_lib_shutdown_fini                   0x080000fd   Thumb Code     0  entry12b.o(.ARM.Collect$$$$0000000E)
    __rt_final_cpp                           0x08000101   Thumb Code     0  entry10a.o(.ARM.Collect$$$$0000000F)
    __rt_final_exit                          0x08000101   Thumb Code     0  entry11a.o(.ARM.Collect$$$$00000011)
    Reset_Handler                            0x08000105   Thumb Code     8  startup_stm32f10x_md.o(.text)
    NMI_Handler                              0x0800010d   Thumb Code     2  startup_stm32f10x_md.o(.text)
    HardFault_Handler                        0x0800010f   Thumb Code     2  startup_stm32f10x_md.o(.text)
    MemManage_Handler                        0x08000111   Thumb Code     2  startup_stm32f10x_md.o(.text)
    BusFault_Handler                         0x08000113   Thumb Code     2  startup_stm32f10x_md.o(.text)
    UsageFault_Handler                       0x08000115   Thumb Code     2  startup_stm32f10x_md.o(.text)
    SVC_Handler                              0x08000117   Thumb Code     2  startup_stm32f10x_md.o(.text)
    DebugMon_Handler                         0x08000119   Thumb Code     2  startup_stm32f10x_md.o(.text)
    PendSV_Handler                           0x0800011b   Thumb Code     2  startup_stm32f10x_md.o(.text)
    SysTick_Handler                          0x0800011d   Thumb Code     2  startup_stm32f10x_md.o(.text)
    ADC1_2_IRQHandler                        0x0800011f   Thumb Code     0  startup_stm32f10x_md.o(.text)
    CAN1_RX1_IRQHandler                      0x0800011f   Thumb Code     0  startup_stm32f10x_md.o(.text)
    CAN1_SCE_IRQHandler                      0x0800011f   Thumb Code     0  startup_stm32f10x_md.o(.text)
    DMA1_Channel1_IRQHandler                 0x0800011f   Thumb Code     0  startup_stm32f10x_md.o(.text)
    DMA1_Channel2_IRQHandler                 0x0800011f   Thumb Code     0  startup_stm32f10x_md.o(.text)
    DMA1_Channel4_IRQHandler                 0x0800011f   Thumb Code     0  startup_stm32f10x_md.o(.text)
    DMA1_Channel5_IRQHandler                 0x0800011f   Thumb Code     0  startup_stm32f10x_md.o(.text)
    DMA1_Channel6_IRQHandler                 0x0800011f   Thumb Code     0  startup_stm32f10x_md.o(.text)
    DMA1_Channel7_IRQHandler                 0x0800011f   Thumb Code     0  startup_stm32f10x_md.o(.text)
    EXTI0_IRQHandler                         0x0800011f   Thumb Code     0  startup_stm32f10x_md.o(.text)
    EXTI15_10_IRQHandler                     0x0800011f   Thumb Code     0  startup_stm32f10x_md.o(.text)
    EXTI1_IRQHandler                         0x0800011f   Thumb Code     0  startup_stm32f10x_md.o(.text)
    EXTI2_IRQHandler                         0x0800011f   Thumb Code     0  startup_stm32f10x_md.o(.text)
    EXTI3_IRQHandler                         0x0800011f   Thumb Code     0  startup_stm32f10x_md.o(.text)
    EXTI4_IRQHandler                         0x0800011f   Thumb Code     0  startup_stm32f10x_md.o(.text)
    EXTI9_5_IRQHandler                       0x0800011f   Thumb Code     0  startup_stm32f10x_md.o(.text)
    FLASH_IRQHandler                         0x0800011f   Thumb Code     0  startup_stm32f10x_md.o(.text)
    I2C1_ER_IRQHandler                       0x0800011f   Thumb Code     0  startup_stm32f10x_md.o(.text)
    I2C1_EV_IRQHandler                       0x0800011f   Thumb Code     0  startup_stm32f10x_md.o(.text)
    I2C2_ER_IRQHandler                       0x0800011f   Thumb Code     0  startup_stm32f10x_md.o(.text)
    I2C2_EV_IRQHandler                       0x0800011f   Thumb Code     0  startup_stm32f10x_md.o(.text)
    PVD_IRQHandler                           0x0800011f   Thumb Code     0  startup_stm32f10x_md.o(.text)
    RCC_IRQHandler                           0x0800011f   Thumb Code     0  startup_stm32f10x_md.o(.text)
    RTCAlarm_IRQHandler                      0x0800011f   Thumb Code     0  startup_stm32f10x_md.o(.text)
    RTC_IRQHandler                           0x0800011f   Thumb Code     0  startup_stm32f10x_md.o(.text)
    SPI1_IRQHandler                          0x0800011f   Thumb Code     0  startup_stm32f10x_md.o(.text)
    SPI2_IRQHandler                          0x0800011f   Thumb Code     0  startup_stm32f10x_md.o(.text)
    TAMPER_IRQHandler                        0x0800011f   Thumb Code     0  startup_stm32f10x_md.o(.text)
    TIM1_BRK_IRQHandler                      0x0800011f   Thumb Code     0  startup_stm32f10x_md.o(.text)
    TIM1_CC_IRQHandler                       0x0800011f   Thumb Code     0  startup_stm32f10x_md.o(.text)
    TIM1_TRG_COM_IRQHandler                  0x0800011f   Thumb Code     0  startup_stm32f10x_md.o(.text)
    TIM1_UP_IRQHandler                       0x0800011f   Thumb Code     0  startup_stm32f10x_md.o(.text)
    TIM3_IRQHandler                          0x0800011f   Thumb Code     0  startup_stm32f10x_md.o(.text)
    TIM4_IRQHandler                          0x0800011f   Thumb Code     0  startup_stm32f10x_md.o(.text)
    USART1_IRQHandler                        0x0800011f   Thumb Code     0  startup_stm32f10x_md.o(.text)
    USART3_IRQHandler                        0x0800011f   Thumb Code     0  startup_stm32f10x_md.o(.text)
    USBWakeUp_IRQHandler                     0x0800011f   Thumb Code     0  startup_stm32f10x_md.o(.text)
    USB_HP_CAN1_TX_IRQHandler                0x0800011f   Thumb Code     0  startup_stm32f10x_md.o(.text)
    USB_LP_CAN1_RX0_IRQHandler               0x0800011f   Thumb Code     0  startup_stm32f10x_md.o(.text)
    WWDG_IRQHandler                          0x0800011f   Thumb Code     0  startup_stm32f10x_md.o(.text)
    __aeabi_memcpy                           0x08000129   Thumb Code    36  memcpya.o(.text)
    __aeabi_memcpy4                          0x08000129   Thumb Code     0  memcpya.o(.text)
    __aeabi_memcpy8                          0x08000129   Thumb Code     0  memcpya.o(.text)
    strstr                                   0x0800014d   Thumb Code    36  strstr.o(.text)
    strncpy                                  0x08000171   Thumb Code    24  strncpy.o(.text)
    strchr                                   0x08000189   Thumb Code    20  strchr.o(.text)
    strlen                                   0x0800019d   Thumb Code    14  strlen.o(.text)
    strcmp                                   0x080001ab   Thumb Code    28  strcmp.o(.text)
    atoi                                     0x080001c7   Thumb Code    26  atoi.o(.text)
    __aeabi_fadd                             0x080001e1   Thumb Code   164  fadd.o(.text)
    __aeabi_fsub                             0x08000285   Thumb Code     6  fadd.o(.text)
    __aeabi_frsub                            0x0800028b   Thumb Code     6  fadd.o(.text)
    __aeabi_fdiv                             0x08000291   Thumb Code   124  fdiv.o(.text)
    __aeabi_i2f                              0x0800030d   Thumb Code    18  fflti.o(.text)
    __aeabi_f2d                              0x0800031f   Thumb Code    38  f2d.o(.text)
    __aeabi_cfcmpeq                          0x08000345   Thumb Code     0  cfcmple.o(.text)
    __aeabi_cfcmple                          0x08000345   Thumb Code    20  cfcmple.o(.text)
    __aeabi_uidiv                            0x08000359   Thumb Code     0  uidiv.o(.text)
    __aeabi_uidivmod                         0x08000359   Thumb Code    44  uidiv.o(.text)
    __aeabi_uldivmod                         0x08000385   Thumb Code    98  uldiv.o(.text)
    strtol                                   0x080003e7   Thumb Code   112  strtol.o(.text)
    __I$use$fp                               0x08000457   Thumb Code     0  iusefp.o(.text)
    _float_round                             0x08000457   Thumb Code    18  fepilogue.o(.text)
    _float_epilogue                          0x08000469   Thumb Code    92  fepilogue.o(.text)
    __aeabi_dadd                             0x080004c5   Thumb Code   322  dadd.o(.text)
    __aeabi_dsub                             0x08000607   Thumb Code     6  dadd.o(.text)
    __aeabi_drsub                            0x0800060d   Thumb Code     6  dadd.o(.text)
    __aeabi_dmul                             0x08000613   Thumb Code   228  dmul.o(.text)
    __aeabi_ddiv                             0x080006f7   Thumb Code   222  ddiv.o(.text)
    __aeabi_d2ulz                            0x080007d5   Thumb Code    48  dfixul.o(.text)
    __aeabi_cdrcmple                         0x08000805   Thumb Code    48  cdrcmple.o(.text)
    __scatterload                            0x08000835   Thumb Code    28  init.o(.text)
    __scatterload_rt2                        0x08000835   Thumb Code     0  init.o(.text)
    __aeabi_llsl                             0x08000859   Thumb Code    30  llshl.o(.text)
    _ll_shift_l                              0x08000859   Thumb Code     0  llshl.o(.text)
    __aeabi_llsr                             0x08000877   Thumb Code    32  llushr.o(.text)
    _ll_ushift_r                             0x08000877   Thumb Code     0  llushr.o(.text)
    __aeabi_lasr                             0x08000897   Thumb Code    36  llsshr.o(.text)
    _ll_sshift_r                             0x08000897   Thumb Code     0  llsshr.o(.text)
    __rt_ctype_table                         0x080008bd   Thumb Code     4  ctype_o.o(.text)
    _strtoul                                 0x080008c5   Thumb Code   158  _strtoul.o(.text)
    _double_round                            0x08000963   Thumb Code    30  depilogue.o(.text)
    _double_epilogue                         0x08000981   Thumb Code   156  depilogue.o(.text)
    _chval                                   0x08000a1d   Thumb Code    28  _chval.o(.text)
    BKP_DeInit                               0x08000a39   Thumb Code    16  stm32f10x_bkp.o(i.BKP_DeInit)
    DMA1_Channel3_IRQHandler                 0x08000a49   Thumb Code    48  lcd_spi.o(i.DMA1_Channel3_IRQHandler)
    DMA_ClearITPendingBit                    0x08000a81   Thumb Code    18  stm32f10x_dma.o(i.DMA_ClearITPendingBit)
    DMA_Cmd                                  0x08000a9d   Thumb Code    24  stm32f10x_dma.o(i.DMA_Cmd)
    DMA_DeInit                               0x08000ab5   Thumb Code   324  stm32f10x_dma.o(i.DMA_DeInit)
    DMA_GetITStatus                          0x08000c01   Thumb Code    36  stm32f10x_dma.o(i.DMA_GetITStatus)
    DMA_ITConfig                             0x08000c2d   Thumb Code    18  stm32f10x_dma.o(i.DMA_ITConfig)
    DMA_Init                                 0x08000c3f   Thumb Code    60  stm32f10x_dma.o(i.DMA_Init)
    GPIO_Init                                0x08000c7b   Thumb Code   278  stm32f10x_gpio.o(i.GPIO_Init)
    GPIO_ReadInputDataBit                    0x08000d91   Thumb Code    18  stm32f10x_gpio.o(i.GPIO_ReadInputDataBit)
    GPIO_ResetBits                           0x08000da3   Thumb Code     4  stm32f10x_gpio.o(i.GPIO_ResetBits)
    GPIO_SetBits                             0x08000da7   Thumb Code     4  stm32f10x_gpio.o(i.GPIO_SetBits)
    GPIO_WriteBit                            0x08000dab   Thumb Code    10  stm32f10x_gpio.o(i.GPIO_WriteBit)
    NVIC_Init                                0x08000db5   Thumb Code   100  misc.o(i.NVIC_Init)
    NVIC_PriorityGroupConfig                 0x08000e25   Thumb Code    10  misc.o(i.NVIC_PriorityGroupConfig)
    PWR_BackupAccessCmd                      0x08000e39   Thumb Code     6  stm32f10x_pwr.o(i.PWR_BackupAccessCmd)
    RCC_AHBPeriphClockCmd                    0x08000e45   Thumb Code    26  stm32f10x_rcc.o(i.RCC_AHBPeriphClockCmd)
    RCC_APB1PeriphClockCmd                   0x08000e65   Thumb Code    26  stm32f10x_rcc.o(i.RCC_APB1PeriphClockCmd)
    RCC_APB2PeriphClockCmd                   0x08000e85   Thumb Code    26  stm32f10x_rcc.o(i.RCC_APB2PeriphClockCmd)
    RCC_BackupResetCmd                       0x08000ea5   Thumb Code     6  stm32f10x_rcc.o(i.RCC_BackupResetCmd)
    RCC_GetClocksFreq                        0x08000eb1   Thumb Code   192  stm32f10x_rcc.o(i.RCC_GetClocksFreq)
    RCC_GetFlagStatus                        0x08000f85   Thumb Code    56  stm32f10x_rcc.o(i.RCC_GetFlagStatus)
    RCC_LSEConfig                            0x08000fc1   Thumb Code    46  stm32f10x_rcc.o(i.RCC_LSEConfig)
    RCC_RTCCLKCmd                            0x08000ff5   Thumb Code     6  stm32f10x_rcc.o(i.RCC_RTCCLKCmd)
    RCC_RTCCLKConfig                         0x08001001   Thumb Code    12  stm32f10x_rcc.o(i.RCC_RTCCLKConfig)
    RTC_EnterConfigMode                      0x08001011   Thumb Code    14  stm32f10x_rtc.o(i.RTC_EnterConfigMode)
    RTC_ExitConfigMode                       0x08001025   Thumb Code    16  stm32f10x_rtc.o(i.RTC_ExitConfigMode)
    RTC_GetCounter                           0x08001039   Thumb Code    38  stm32f10x_rtc.o(i.RTC_GetCounter)
    RTC_SetCounter                           0x08001065   Thumb Code    24  stm32f10x_rtc.o(i.RTC_SetCounter)
    RTC_SetPrescaler                         0x08001081   Thumb Code    26  stm32f10x_rtc.o(i.RTC_SetPrescaler)
    RTC_WaitForLastTask                      0x080010a1   Thumb Code    16  stm32f10x_rtc.o(i.RTC_WaitForLastTask)
    RTC_WaitForSynchro                       0x080010b5   Thumb Code    30  stm32f10x_rtc.o(i.RTC_WaitForSynchro)
    SPI_Cmd                                  0x080010d9   Thumb Code    24  stm32f10x_spi.o(i.SPI_Cmd)
    SPI_I2S_DMACmd                           0x080010f1   Thumb Code    18  stm32f10x_spi.o(i.SPI_I2S_DMACmd)
    SPI_I2S_GetFlagStatus                    0x08001103   Thumb Code    18  stm32f10x_spi.o(i.SPI_I2S_GetFlagStatus)
    SPI_I2S_SendData                         0x08001115   Thumb Code     4  stm32f10x_spi.o(i.SPI_I2S_SendData)
    SPI_Init                                 0x08001119   Thumb Code    60  stm32f10x_spi.o(i.SPI_Init)
    SystemInit                               0x0800123d   Thumb Code    78  system_stm32f10x.o(i.SystemInit)
    TIM2_IRQHandler                          0x0800129d   Thumb Code    36  timer.o(i.TIM2_IRQHandler)
    TIM_ClearITPendingBit                    0x080012c5   Thumb Code     6  stm32f10x_tim.o(i.TIM_ClearITPendingBit)
    TIM_Cmd                                  0x080012cb   Thumb Code    24  stm32f10x_tim.o(i.TIM_Cmd)
    TIM_GetITStatus                          0x080012e3   Thumb Code    34  stm32f10x_tim.o(i.TIM_GetITStatus)
    TIM_ITConfig                             0x08001305   Thumb Code    18  stm32f10x_tim.o(i.TIM_ITConfig)
    TIM_TimeBaseInit                         0x08001319   Thumb Code   122  stm32f10x_tim.o(i.TIM_TimeBaseInit)
    USART2_IRQHandler                        0x080013bd   Thumb Code    52  esp_usart.o(i.USART2_IRQHandler)
    USART_ClearITPendingBit                  0x080013f9   Thumb Code    30  stm32f10x_usart.o(i.USART_ClearITPendingBit)
    USART_Cmd                                0x08001417   Thumb Code    24  stm32f10x_usart.o(i.USART_Cmd)
    USART_GetFlagStatus                      0x0800142f   Thumb Code    26  stm32f10x_usart.o(i.USART_GetFlagStatus)
    USART_GetITStatus                        0x08001449   Thumb Code    84  stm32f10x_usart.o(i.USART_GetITStatus)
    USART_ITConfig                           0x0800149d   Thumb Code    74  stm32f10x_usart.o(i.USART_ITConfig)
    USART_Init                               0x080014e9   Thumb Code   210  stm32f10x_usart.o(i.USART_Init)
    USART_ReceiveData                        0x080015c1   Thumb Code    10  stm32f10x_usart.o(i.USART_ReceiveData)
    USART_SendData                           0x080015cb   Thumb Code     8  stm32f10x_usart.o(i.USART_SendData)
    __0snprintf                              0x080015d5   Thumb Code    48  printfa.o(i.__0snprintf)
    __1snprintf                              0x080015d5   Thumb Code     0  printfa.o(i.__0snprintf)
    __2snprintf                              0x080015d5   Thumb Code     0  printfa.o(i.__0snprintf)
    __c89snprintf                            0x080015d5   Thumb Code     0  printfa.o(i.__0snprintf)
    snprintf                                 0x080015d5   Thumb Code     0  printfa.o(i.__0snprintf)
    __aeabi_errno_addr                       0x08001609   Thumb Code     4  errno.o(i.__aeabi_errno_addr)
    __rt_errno_addr                          0x08001609   Thumb Code     0  errno.o(i.__aeabi_errno_addr)
    __scatterload_copy                       0x08001611   Thumb Code    14  handlers.o(i.__scatterload_copy)
    __scatterload_null                       0x0800161f   Thumb Code     2  handlers.o(i.__scatterload_null)
    __scatterload_zeroinit                   0x08001621   Thumb Code    14  handlers.o(i.__scatterload_zeroinit)
    board_lowlevel_init                      0x08001ed1   Thumb Code    68  board.o(i.board_lowlevel_init)
    delay_ms                                 0x08001f15   Thumb Code    24  delay.o(i.delay_ms)
    delay_us                                 0x08001f2d   Thumb Code    46  delay.o(i.delay_us)
    esp_at_get_http                          0x08001f5d   Thumb Code    46  esp_at.o(i.esp_at_get_http)
    esp_at_get_time                          0x08001fa1   Thumb Code    46  esp_at.o(i.esp_at_get_time)
    esp_at_init                              0x08001ff5   Thumb Code    18  esp_at.o(i.esp_at_init)
    esp_at_reset                             0x0800200d   Thumb Code    68  esp_at.o(i.esp_at_reset)
    esp_at_send_command                      0x08002075   Thumb Code    80  esp_at.o(i.esp_at_send_command)
    esp_at_sntp_init                         0x080020d5   Thumb Code    42  esp_at.o(i.esp_at_sntp_init)
    esp_at_wifi_connect                      0x08002145   Thumb Code    46  esp_at.o(i.esp_at_wifi_connect)
    esp_at_wifi_init                         0x08002189   Thumb Code    24  esp_at.o(i.esp_at_wifi_init)
    esp_usart_init                           0x080021ad   Thumb Code    16  esp_usart.o(i.esp_usart_init)
    esp_usart_write_data                     0x08002269   Thumb Code    42  esp_usart.o(i.esp_usart_write_data)
    esp_usart_write_string                   0x08002299   Thumb Code    22  esp_usart.o(i.esp_usart_write_string)
    lcd_spi_init                             0x080022af   Thumb Code    16  lcd_spi.o(i.lcd_spi_init)
    lcd_spi_io_init                          0x080022c1   Thumb Code    76  lcd_spi.o(i.lcd_spi_io_init)
    lcd_spi_lowlevel_init                    0x08002311   Thumb Code    88  lcd_spi.o(i.lcd_spi_lowlevel_init)
    lcd_spi_nvic_init                        0x0800236d   Thumb Code    42  lcd_spi.o(i.lcd_spi_nvic_init)
    lcd_spi_send_finish_register             0x08002399   Thumb Code     6  lcd_spi.o(i.lcd_spi_send_finish_register)
    lcd_spi_write                            0x080023a5   Thumb Code    56  lcd_spi.o(i.lcd_spi_write)
    lcd_spi_write_dma                        0x080023e1   Thumb Code    82  lcd_spi.o(i.lcd_spi_write_dma)
    main                                     0x0800243d   Thumb Code   782  main.o(i.main)
    mpu6050_init                             0x08002829   Thumb Code   104  mpu6050.o(i.mpu6050_init)
    mpu6050_read_temper                      0x08002891   Thumb Code    52  mpu6050.o(i.mpu6050_read_temper)
    rtc_get_date                             0x080029ad   Thumb Code    22  rtc.o(i.rtc_get_date)
    rtc_init                                 0x080029c3   Thumb Code    66  rtc.o(i.rtc_init)
    rtc_set_timestamp                        0x08002a05   Thumb Code    20  rtc.o(i.rtc_set_timestamp)
    st7735_draw_image                        0x08002a25   Thumb Code   110  st7735.o(i.st7735_draw_image)
    st7735_fill_rect                         0x08002ad5   Thumb Code   212  st7735.o(i.st7735_fill_rect)
    st7735_fill_screen                       0x08002bad   Thumb Code    20  st7735.o(i.st7735_fill_screen)
    st7735_init                              0x08002bf9   Thumb Code    46  st7735.o(i.st7735_init)
    st7735_reset                             0x08002c95   Thumb Code    36  st7735.o(i.st7735_reset)
    st7735_select                            0x08002cbd   Thumb Code    14  st7735.o(i.st7735_select)
    st7735_unselect                          0x08002d25   Thumb Code    14  st7735.o(i.st7735_unselect)
    st7735_write_char                        0x08002d39   Thumb Code   188  st7735.o(i.st7735_write_char)
    st7735_write_string                      0x08002e49   Thumb Code    92  st7735.o(i.st7735_write_string)
    swi2c_init                               0x08002ea5   Thumb Code     8  swi2c.o(i.swi2c_init)
    swi2c_read                               0x08002ee9   Thumb Code   100  swi2c.o(i.swi2c_read)
    swi2c_write                              0x08003041   Thumb Code    68  swi2c.o(i.swi2c_write)
    timer_elapsed_register                   0x08003139   Thumb Code     6  timer.o(i.timer_elapsed_register)
    timer_init                               0x08003145   Thumb Code    78  timer.o(i.timer_init)
    timer_start                              0x08003193   Thumb Code    12  timer.o(i.timer_start)
    ts_to_date                               0x080031a1   Thumb Code   230  rtc.o(i.ts_to_date)
    usart_receive_register                   0x0800328d   Thumb Code     6  esp_usart.o(i.usart_receive_register)
    weather_parse                            0x08003299   Thumb Code   132  weather.o(i.weather_parse)
    icon_weather_duoyun                      0x08005140   Data          12  icon_weather_duoyun.o(.constdata)
    icon_weather_feng                        0x0800634c   Data          12  icon_weather_feng.o(.constdata)
    icon_weather_qing                        0x08007558   Data          12  icon_weather_qing.o(.constdata)
    icon_weather_xue                         0x08008764   Data          12  icon_weather_xue.o(.constdata)
    icon_weather_yin                         0x08009970   Data          12  icon_weather_yin.o(.constdata)
    icon_weather_yu                          0x0800ab7c   Data          12  icon_weather_yu.o(.constdata)
    __ctype_table                            0x0800b2c8   Data         129  ctype_o.o(.constdata)
    Region$$Table$$Base                      0x0800b3cc   Number         0  anon$$obj.o(Region$$Table)
    Region$$Table$$Limit                     0x0800b3ec   Number         0  anon$$obj.o(Region$$Table)
    font_temper_16x32                        0x20000018   Data          12  font_temper_32.o(.data)
    font_time_24x48                          0x20000024   Data          12  font_time_48.o(.data)
    st_font_ascii_8x16                       0x20000040   Data          12  stfonts.o(.data)
    st_font_temper_8x16                      0x2000004c   Data          12  stfonts.o(.data)
    self_font_temper_16x32                   0x20000058   Data          12  stfonts.o(.data)
    __initial_sp                             0x20002480   Data           0  startup_stm32f10x_md.o(STACK)



==============================================================================

Memory Map of the image

  Image Entry point : 0x080000ed

  Load Region LR_IROM1 (Base: 0x08000000, Size: 0x0000b46c, Max: 0x00010000, ABSOLUTE)

    Execution Region ER_IROM1 (Exec base: 0x08000000, Load base: 0x08000000, Size: 0x0000b3ec, Max: 0x00010000, ABSOLUTE)

    Exec Addr    Load Addr    Size         Type   Attr      Idx    E Section Name        Object

    0x08000000   0x08000000   0x000000ec   Data   RO          814    RESET               startup_stm32f10x_md.o
    0x080000ec   0x080000ec   0x00000000   Code   RO         3831  * .ARM.Collect$$$$00000000  mc_w.l(entry.o)
    0x080000ec   0x080000ec   0x00000004   Code   RO         4121    .ARM.Collect$$$$00000001  mc_w.l(entry2.o)
    0x080000f0   0x080000f0   0x00000004   Code   RO         4124    .ARM.Collect$$$$00000004  mc_w.l(entry5.o)
    0x080000f4   0x080000f4   0x00000000   Code   RO         4126    .ARM.Collect$$$$00000008  mc_w.l(entry7b.o)
    0x080000f4   0x080000f4   0x00000000   Code   RO         4128    .ARM.Collect$$$$0000000A  mc_w.l(entry8b.o)
    0x080000f4   0x080000f4   0x00000008   Code   RO         4129    .ARM.Collect$$$$0000000B  mc_w.l(entry9a.o)
    0x080000fc   0x080000fc   0x00000004   Code   RO         4136    .ARM.Collect$$$$0000000E  mc_w.l(entry12b.o)
    0x08000100   0x08000100   0x00000000   Code   RO         4131    .ARM.Collect$$$$0000000F  mc_w.l(entry10a.o)
    0x08000100   0x08000100   0x00000000   Code   RO         4133    .ARM.Collect$$$$00000011  mc_w.l(entry11a.o)
    0x08000100   0x08000100   0x00000004   Code   RO         4122    .ARM.Collect$$$$00002712  mc_w.l(entry2.o)
    0x08000104   0x08000104   0x00000024   Code   RO          815    .text               startup_stm32f10x_md.o
    0x08000128   0x08000128   0x00000024   Code   RO         3834    .text               mc_w.l(memcpya.o)
    0x0800014c   0x0800014c   0x00000024   Code   RO         3836    .text               mc_w.l(strstr.o)
    0x08000170   0x08000170   0x00000018   Code   RO         3838    .text               mc_w.l(strncpy.o)
    0x08000188   0x08000188   0x00000014   Code   RO         3840    .text               mc_w.l(strchr.o)
    0x0800019c   0x0800019c   0x0000000e   Code   RO         3842    .text               mc_w.l(strlen.o)
    0x080001aa   0x080001aa   0x0000001c   Code   RO         3844    .text               mc_w.l(strcmp.o)
    0x080001c6   0x080001c6   0x0000001a   Code   RO         4109    .text               mc_w.l(atoi.o)
    0x080001e0   0x080001e0   0x000000b0   Code   RO         4111    .text               mf_w.l(fadd.o)
    0x08000290   0x08000290   0x0000007c   Code   RO         4113    .text               mf_w.l(fdiv.o)
    0x0800030c   0x0800030c   0x00000012   Code   RO         4115    .text               mf_w.l(fflti.o)
    0x0800031e   0x0800031e   0x00000026   Code   RO         4117    .text               mf_w.l(f2d.o)
    0x08000344   0x08000344   0x00000014   Code   RO         4119    .text               mf_w.l(cfcmple.o)
    0x08000358   0x08000358   0x0000002c   Code   RO         4140    .text               mc_w.l(uidiv.o)
    0x08000384   0x08000384   0x00000062   Code   RO         4142    .text               mc_w.l(uldiv.o)
    0x080003e6   0x080003e6   0x00000070   Code   RO         4151    .text               mc_w.l(strtol.o)
    0x08000456   0x08000456   0x00000000   Code   RO         4153    .text               mc_w.l(iusefp.o)
    0x08000456   0x08000456   0x0000006e   Code   RO         4154    .text               mf_w.l(fepilogue.o)
    0x080004c4   0x080004c4   0x0000014e   Code   RO         4156    .text               mf_w.l(dadd.o)
    0x08000612   0x08000612   0x000000e4   Code   RO         4158    .text               mf_w.l(dmul.o)
    0x080006f6   0x080006f6   0x000000de   Code   RO         4160    .text               mf_w.l(ddiv.o)
    0x080007d4   0x080007d4   0x00000030   Code   RO         4162    .text               mf_w.l(dfixul.o)
    0x08000804   0x08000804   0x00000030   Code   RO         4164    .text               mf_w.l(cdrcmple.o)
    0x08000834   0x08000834   0x00000024   Code   RO         4166    .text               mc_w.l(init.o)
    0x08000858   0x08000858   0x0000001e   Code   RO         4169    .text               mc_w.l(llshl.o)
    0x08000876   0x08000876   0x00000020   Code   RO         4171    .text               mc_w.l(llushr.o)
    0x08000896   0x08000896   0x00000024   Code   RO         4173    .text               mc_w.l(llsshr.o)
    0x080008ba   0x080008ba   0x00000002   PAD
    0x080008bc   0x080008bc   0x00000008   Code   RO         4175    .text               mc_w.l(ctype_o.o)
    0x080008c4   0x080008c4   0x0000009e   Code   RO         4203    .text               mc_w.l(_strtoul.o)
    0x08000962   0x08000962   0x000000ba   Code   RO         4206    .text               mf_w.l(depilogue.o)
    0x08000a1c   0x08000a1c   0x0000001c   Code   RO         4208    .text               mc_w.l(_chval.o)
    0x08000a38   0x08000a38   0x00000010   Code   RO         1124    i.BKP_DeInit        stm32f10x_bkp.o
    0x08000a48   0x08000a48   0x00000038   Code   RO          456    i.DMA1_Channel3_IRQHandler  lcd_spi.o
    0x08000a80   0x08000a80   0x0000001c   Code   RO         1590    i.DMA_ClearITPendingBit  stm32f10x_dma.o
    0x08000a9c   0x08000a9c   0x00000018   Code   RO         1591    i.DMA_Cmd           stm32f10x_dma.o
    0x08000ab4   0x08000ab4   0x0000014c   Code   RO         1592    i.DMA_DeInit        stm32f10x_dma.o
    0x08000c00   0x08000c00   0x0000002c   Code   RO         1595    i.DMA_GetITStatus   stm32f10x_dma.o
    0x08000c2c   0x08000c2c   0x00000012   Code   RO         1596    i.DMA_ITConfig      stm32f10x_dma.o
    0x08000c3e   0x08000c3e   0x0000003c   Code   RO         1597    i.DMA_Init          stm32f10x_dma.o
    0x08000c7a   0x08000c7a   0x00000116   Code   RO         2015    i.GPIO_Init         stm32f10x_gpio.o
    0x08000d90   0x08000d90   0x00000012   Code   RO         2019    i.GPIO_ReadInputDataBit  stm32f10x_gpio.o
    0x08000da2   0x08000da2   0x00000004   Code   RO         2022    i.GPIO_ResetBits    stm32f10x_gpio.o
    0x08000da6   0x08000da6   0x00000004   Code   RO         2023    i.GPIO_SetBits      stm32f10x_gpio.o
    0x08000daa   0x08000daa   0x0000000a   Code   RO         2026    i.GPIO_WriteBit     stm32f10x_gpio.o
    0x08000db4   0x08000db4   0x00000070   Code   RO          864    i.NVIC_Init         misc.o
    0x08000e24   0x08000e24   0x00000014   Code   RO          865    i.NVIC_PriorityGroupConfig  misc.o
    0x08000e38   0x08000e38   0x0000000c   Code   RO         2369    i.PWR_BackupAccessCmd  stm32f10x_pwr.o
    0x08000e44   0x08000e44   0x00000020   Code   RO         2430    i.RCC_AHBPeriphClockCmd  stm32f10x_rcc.o
    0x08000e64   0x08000e64   0x00000020   Code   RO         2431    i.RCC_APB1PeriphClockCmd  stm32f10x_rcc.o
    0x08000e84   0x08000e84   0x00000020   Code   RO         2433    i.RCC_APB2PeriphClockCmd  stm32f10x_rcc.o
    0x08000ea4   0x08000ea4   0x0000000c   Code   RO         2436    i.RCC_BackupResetCmd  stm32f10x_rcc.o
    0x08000eb0   0x08000eb0   0x000000d4   Code   RO         2441    i.RCC_GetClocksFreq  stm32f10x_rcc.o
    0x08000f84   0x08000f84   0x0000003c   Code   RO         2442    i.RCC_GetFlagStatus  stm32f10x_rcc.o
    0x08000fc0   0x08000fc0   0x00000034   Code   RO         2449    i.RCC_LSEConfig     stm32f10x_rcc.o
    0x08000ff4   0x08000ff4   0x0000000c   Code   RO         2456    i.RCC_RTCCLKCmd     stm32f10x_rcc.o
    0x08001000   0x08001000   0x00000010   Code   RO         2457    i.RCC_RTCCLKConfig  stm32f10x_rcc.o
    0x08001010   0x08001010   0x00000014   Code   RO         2631    i.RTC_EnterConfigMode  stm32f10x_rtc.o
    0x08001024   0x08001024   0x00000014   Code   RO         2632    i.RTC_ExitConfigMode  stm32f10x_rtc.o
    0x08001038   0x08001038   0x0000002c   Code   RO         2633    i.RTC_GetCounter    stm32f10x_rtc.o
    0x08001064   0x08001064   0x0000001c   Code   RO         2639    i.RTC_SetCounter    stm32f10x_rtc.o
    0x08001080   0x08001080   0x00000020   Code   RO         2640    i.RTC_SetPrescaler  stm32f10x_rtc.o
    0x080010a0   0x080010a0   0x00000014   Code   RO         2641    i.RTC_WaitForLastTask  stm32f10x_rtc.o
    0x080010b4   0x080010b4   0x00000024   Code   RO         2642    i.RTC_WaitForSynchro  stm32f10x_rtc.o
    0x080010d8   0x080010d8   0x00000018   Code   RO         2910    i.SPI_Cmd           stm32f10x_spi.o
    0x080010f0   0x080010f0   0x00000012   Code   RO         2916    i.SPI_I2S_DMACmd    stm32f10x_spi.o
    0x08001102   0x08001102   0x00000012   Code   RO         2918    i.SPI_I2S_GetFlagStatus  stm32f10x_spi.o
    0x08001114   0x08001114   0x00000004   Code   RO         2922    i.SPI_I2S_SendData  stm32f10x_spi.o
    0x08001118   0x08001118   0x0000003c   Code   RO         2923    i.SPI_Init          stm32f10x_spi.o
    0x08001154   0x08001154   0x00000008   Code   RO          830    i.SetSysClock       system_stm32f10x.o
    0x0800115c   0x0800115c   0x000000e0   Code   RO          831    i.SetSysClockTo72   system_stm32f10x.o
    0x0800123c   0x0800123c   0x00000060   Code   RO          833    i.SystemInit        system_stm32f10x.o
    0x0800129c   0x0800129c   0x00000028   Code   RO          689    i.TIM2_IRQHandler   timer.o
    0x080012c4   0x080012c4   0x00000006   Code   RO         3060    i.TIM_ClearITPendingBit  stm32f10x_tim.o
    0x080012ca   0x080012ca   0x00000018   Code   RO         3065    i.TIM_Cmd           stm32f10x_tim.o
    0x080012e2   0x080012e2   0x00000022   Code   RO         3086    i.TIM_GetITStatus   stm32f10x_tim.o
    0x08001304   0x08001304   0x00000012   Code   RO         3090    i.TIM_ITConfig      stm32f10x_tim.o
    0x08001316   0x08001316   0x00000002   PAD
    0x08001318   0x08001318   0x000000a4   Code   RO         3136    i.TIM_TimeBaseInit  stm32f10x_tim.o
    0x080013bc   0x080013bc   0x0000003c   Code   RO          376    i.USART2_IRQHandler  esp_usart.o
    0x080013f8   0x080013f8   0x0000001e   Code   RO         3598    i.USART_ClearITPendingBit  stm32f10x_usart.o
    0x08001416   0x08001416   0x00000018   Code   RO         3601    i.USART_Cmd         stm32f10x_usart.o
    0x0800142e   0x0800142e   0x0000001a   Code   RO         3604    i.USART_GetFlagStatus  stm32f10x_usart.o
    0x08001448   0x08001448   0x00000054   Code   RO         3605    i.USART_GetITStatus  stm32f10x_usart.o
    0x0800149c   0x0800149c   0x0000004a   Code   RO         3607    i.USART_ITConfig    stm32f10x_usart.o
    0x080014e6   0x080014e6   0x00000002   PAD
    0x080014e8   0x080014e8   0x000000d8   Code   RO         3608    i.USART_Init        stm32f10x_usart.o
    0x080015c0   0x080015c0   0x0000000a   Code   RO         3615    i.USART_ReceiveData  stm32f10x_usart.o
    0x080015ca   0x080015ca   0x00000008   Code   RO         3618    i.USART_SendData    stm32f10x_usart.o
    0x080015d2   0x080015d2   0x00000002   PAD
    0x080015d4   0x080015d4   0x00000034   Code   RO         4082    i.__0snprintf       mc_w.l(printfa.o)
    0x08001608   0x08001608   0x00000008   Code   RO         4144    i.__aeabi_errno_addr  mc_w.l(errno.o)
    0x08001610   0x08001610   0x0000000e   Code   RO         4212    i.__scatterload_copy  mc_w.l(handlers.o)
    0x0800161e   0x0800161e   0x00000002   Code   RO         4213    i.__scatterload_null  mc_w.l(handlers.o)
    0x08001620   0x08001620   0x0000000e   Code   RO         4214    i.__scatterload_zeroinit  mc_w.l(handlers.o)
    0x0800162e   0x0800162e   0x00000002   PAD
    0x08001630   0x08001630   0x00000184   Code   RO         4088    i._fp_digits        mc_w.l(printfa.o)
    0x080017b4   0x080017b4   0x000006b4   Code   RO         4089    i._printf_core      mc_w.l(printfa.o)
    0x08001e68   0x08001e68   0x00000024   Code   RO         4090    i._printf_post_padding  mc_w.l(printfa.o)
    0x08001e8c   0x08001e8c   0x0000002e   Code   RO         4091    i._printf_pre_padding  mc_w.l(printfa.o)
    0x08001eba   0x08001eba   0x00000016   Code   RO         4092    i._snputc           mc_w.l(printfa.o)
    0x08001ed0   0x08001ed0   0x00000044   Code   RO          168    i.board_lowlevel_init  board.o
    0x08001f14   0x08001f14   0x00000018   Code   RO          432    i.delay_ms          delay.o
    0x08001f2c   0x08001f2c   0x0000002e   Code   RO          434    i.delay_us          delay.o
    0x08001f5a   0x08001f5a   0x00000002   PAD
    0x08001f5c   0x08001f5c   0x00000044   Code   RO          298    i.esp_at_get_http   esp_at.o
    0x08001fa0   0x08001fa0   0x00000054   Code   RO          299    i.esp_at_get_time   esp_at.o
    0x08001ff4   0x08001ff4   0x00000018   Code   RO          300    i.esp_at_init       esp_at.o
    0x0800200c   0x0800200c   0x00000068   Code   RO          301    i.esp_at_reset      esp_at.o
    0x08002074   0x08002074   0x00000060   Code   RO          302    i.esp_at_send_command  esp_at.o
    0x080020d4   0x080020d4   0x00000070   Code   RO          303    i.esp_at_sntp_init  esp_at.o
    0x08002144   0x08002144   0x00000044   Code   RO          304    i.esp_at_wifi_connect  esp_at.o
    0x08002188   0x08002188   0x00000024   Code   RO          305    i.esp_at_wifi_init  esp_at.o
    0x080021ac   0x080021ac   0x00000010   Code   RO          377    i.esp_usart_init    esp_usart.o
    0x080021bc   0x080021bc   0x0000003c   Code   RO          378    i.esp_usart_io_init  esp_usart.o
    0x080021f8   0x080021f8   0x00000044   Code   RO          379    i.esp_usart_lowlevel_init  esp_usart.o
    0x0800223c   0x0800223c   0x0000002a   Code   RO          380    i.esp_usart_nvic_init  esp_usart.o
    0x08002266   0x08002266   0x00000002   PAD
    0x08002268   0x08002268   0x00000030   Code   RO          381    i.esp_usart_write_data  esp_usart.o
    0x08002298   0x08002298   0x00000016   Code   RO          382    i.esp_usart_write_string  esp_usart.o
    0x080022ae   0x080022ae   0x00000010   Code   RO          457    i.lcd_spi_init      lcd_spi.o
    0x080022be   0x080022be   0x00000002   PAD
    0x080022c0   0x080022c0   0x00000050   Code   RO          458    i.lcd_spi_io_init   lcd_spi.o
    0x08002310   0x08002310   0x0000005c   Code   RO          459    i.lcd_spi_lowlevel_init  lcd_spi.o
    0x0800236c   0x0800236c   0x0000002a   Code   RO          460    i.lcd_spi_nvic_init  lcd_spi.o
    0x08002396   0x08002396   0x00000002   PAD
    0x08002398   0x08002398   0x0000000c   Code   RO          461    i.lcd_spi_send_finish_register  lcd_spi.o
    0x080023a4   0x080023a4   0x0000003c   Code   RO          462    i.lcd_spi_write     lcd_spi.o
    0x080023e0   0x080023e0   0x0000005c   Code   RO          463    i.lcd_spi_write_dma  lcd_spi.o
    0x0800243c   0x0800243c   0x000003ec   Code   RO            1    i.main              main.o
    0x08002828   0x08002828   0x00000068   Code   RO          727    i.mpu6050_init      mpu6050.o
    0x08002890   0x08002890   0x0000003c   Code   RO          730    i.mpu6050_read_temper  mpu6050.o
    0x080028cc   0x080028cc   0x000000e0   Code   RO          306    i.on_usart_reveive  esp_at.o
    0x080029ac   0x080029ac   0x00000016   Code   RO          637    i.rtc_get_date      rtc.o
    0x080029c2   0x080029c2   0x00000042   Code   RO          639    i.rtc_init          rtc.o
    0x08002a04   0x08002a04   0x00000014   Code   RO          641    i.rtc_set_timestamp  rtc.o
    0x08002a18   0x08002a18   0x0000000c   Code   RO          515    i.spi_on_async_finish  st7735.o
    0x08002a24   0x08002a24   0x0000006e   Code   RO          516    i.st7735_draw_image  st7735.o
    0x08002a92   0x08002a92   0x00000040   Code   RO          517    i.st7735_exec_cmds  st7735.o
    0x08002ad2   0x08002ad2   0x00000002   PAD
    0x08002ad4   0x08002ad4   0x000000d8   Code   RO          518    i.st7735_fill_rect  st7735.o
    0x08002bac   0x08002bac   0x00000014   Code   RO          519    i.st7735_fill_screen  st7735.o
    0x08002bc0   0x08002bc0   0x00000038   Code   RO          520    i.st7735_find_font  st7735.o
    0x08002bf8   0x08002bf8   0x0000003c   Code   RO          521    i.st7735_init       st7735.o
    0x08002c34   0x08002c34   0x00000060   Code   RO          522    i.st7735_pin_init   st7735.o
    0x08002c94   0x08002c94   0x00000028   Code   RO          523    i.st7735_reset      st7735.o
    0x08002cbc   0x08002cbc   0x00000014   Code   RO          524    i.st7735_select     st7735.o
    0x08002cd0   0x08002cd0   0x00000052   Code   RO          525    i.st7735_set_window  st7735.o
    0x08002d22   0x08002d22   0x00000002   PAD
    0x08002d24   0x08002d24   0x00000014   Code   RO          526    i.st7735_unselect   st7735.o
    0x08002d38   0x08002d38   0x000000c0   Code   RO          527    i.st7735_write_char  st7735.o
    0x08002df8   0x08002df8   0x0000001c   Code   RO          528    i.st7735_write_cmd  st7735.o
    0x08002e14   0x08002e14   0x00000034   Code   RO          529    i.st7735_write_data  st7735.o
    0x08002e48   0x08002e48   0x0000005c   Code   RO          530    i.st7735_write_string  st7735.o
    0x08002ea4   0x08002ea4   0x00000008   Code   RO          763    i.swi2c_init        swi2c.o
    0x08002eac   0x08002eac   0x0000003c   Code   RO          764    i.swi2c_io_init     swi2c.o
    0x08002ee8   0x08002ee8   0x00000064   Code   RO          765    i.swi2c_read        swi2c.o
    0x08002f4c   0x08002f4c   0x0000008c   Code   RO          766    i.swi2c_read_byte   swi2c.o
    0x08002fd8   0x08002fd8   0x00000034   Code   RO          767    i.swi2c_start       swi2c.o
    0x0800300c   0x0800300c   0x00000034   Code   RO          768    i.swi2c_stop        swi2c.o
    0x08003040   0x08003040   0x00000044   Code   RO          769    i.swi2c_write       swi2c.o
    0x08003084   0x08003084   0x00000090   Code   RO          770    i.swi2c_write_byte  swi2c.o
    0x08003114   0x08003114   0x00000024   Code   RO            2    i.timer_elapsed_callback  main.o
    0x08003138   0x08003138   0x0000000c   Code   RO          690    i.timer_elapsed_register  timer.o
    0x08003144   0x08003144   0x0000004e   Code   RO          691    i.timer_init        timer.o
    0x08003192   0x08003192   0x0000000c   Code   RO          692    i.timer_start       timer.o
    0x0800319e   0x0800319e   0x00000002   PAD
    0x080031a0   0x080031a0   0x000000ec   Code   RO          642    i.ts_to_date        rtc.o
    0x0800328c   0x0800328c   0x0000000c   Code   RO          383    i.usart_receive_register  esp_usart.o
    0x08003298   0x08003298   0x000000a0   Code   RO          180    i.weather_parse     weather.o
    0x08003338   0x08003338   0x000001ec   Code   RO            3    i.wifi_init         main.o
    0x08003524   0x08003524   0x0000034d   Data   RO          192    .constdata          font_temper_32.o
    0x08003871   0x08003871   0x000006cc   Data   RO          206    .constdata          font_time_48.o
    0x08003f3d   0x08003f3d   0x00000003   PAD
    0x08003f40   0x08003f40   0x0000120c   Data   RO          220    .constdata          icon_weather_duoyun.o
    0x0800514c   0x0800514c   0x0000120c   Data   RO          233    .constdata          icon_weather_feng.o
    0x08006358   0x08006358   0x0000120c   Data   RO          246    .constdata          icon_weather_qing.o
    0x08007564   0x08007564   0x0000120c   Data   RO          259    .constdata          icon_weather_xue.o
    0x08008770   0x08008770   0x0000120c   Data   RO          272    .constdata          icon_weather_yin.o
    0x0800997c   0x0800997c   0x0000120c   Data   RO          285    .constdata          icon_weather_yu.o
    0x0800ab88   0x0800ab88   0x0000006d   Data   RO          532    .constdata          st7735.o
    0x0800abf5   0x0800abf5   0x000006a1   Data   RO          621    .constdata          stfonts.o
    0x0800b296   0x0800b296   0x00000002   PAD
    0x0800b298   0x0800b298   0x00000030   Data   RO          643    .constdata          rtc.o
    0x0800b2c8   0x0800b2c8   0x00000081   Data   RO         4176    .constdata          mc_w.l(ctype_o.o)
    0x0800b349   0x0800b349   0x00000003   PAD
    0x0800b34c   0x0800b34c   0x00000004   Data   RO         4177    .constdata          mc_w.l(ctype_o.o)
    0x0800b350   0x0800b350   0x0000007a   Data   RO            4    .conststring        main.o
    0x0800b3ca   0x0800b3ca   0x00000002   PAD
    0x0800b3cc   0x0800b3cc   0x00000020   Data   RO         4210    Region$$Table       anon$$obj.o


    Execution Region RW_IRAM1 (Exec base: 0x20000000, Load base: 0x0800b3ec, Size: 0x00002480, Max: 0x00005000, ABSOLUTE)

    Exec Addr    Load Addr    Size         Type   Attr      Idx    E Section Name        Object

    0x20000000   0x0800b3ec   0x00000017   Data   RW            5    .data               main.o
    0x20000017   0x0800b403   0x00000001   PAD
    0x20000018   0x0800b404   0x0000000c   Data   RW          193    .data               font_temper_32.o
    0x20000024   0x0800b410   0x0000000c   Data   RW          207    .data               font_time_48.o
    0x20000030   0x0800b41c   0x00000004   Data   RW          308    .data               esp_at.o
    0x20000034   0x0800b420   0x00000004   Data   RW          384    .data               esp_usart.o
    0x20000038   0x0800b424   0x00000004   Data   RW          464    .data               lcd_spi.o
    0x2000003c   0x0800b428   0x00000001   Data   RW          533    .data               st7735.o
    0x2000003d   0x0800b429   0x00000003   PAD
    0x20000040   0x0800b42c   0x00000024   Data   RW          622    .data               stfonts.o
    0x20000064   0x0800b450   0x00000004   Data   RW          694    .data               timer.o
    0x20000068   0x0800b454   0x00000014   Data   RW         2461    .data               stm32f10x_rcc.o
    0x2000007c   0x0800b468   0x00000004   Data   RW         4147    .data               mc_w.l(errno.o)
    0x20000080        -       0x00001000   Zero   RW          307    .bss                esp_at.o
    0x20001080        -       0x00001000   Zero   RW          531    .bss                st7735.o
    0x20002080        -       0x00000400   Zero   RW          812    STACK               startup_stm32f10x_md.o


==============================================================================

Image component sizes


      Code (inc. data)   RO Data    RW Data    ZI Data      Debug   Object Name

        68          0          0          0          0        470   board.o
        70          0          0          0          0        938   delay.o
       816        240          0          4       4096       6491   esp_at.o
       328         28          0          4          0       5274   esp_usart.o
         0          0        845         12          0       1404   font_temper_32.o
         0          0       1740         12          0       1396   font_time_48.o
         0          0       4620          0          0       1530   icon_weather_duoyun.o
         0          0       4620          0          0       1514   icon_weather_feng.o
         0          0       4620          0          0       1514   icon_weather_qing.o
         0          0       4620          0          0       1518   icon_weather_xue.o
         0          0       4620          0          0       1518   icon_weather_yin.o
         0          0       4620          0          0       1514   icon_weather_yu.o
       450         36          0          4          0       5519   lcd_spi.o
      1532        374        122         23          0     274663   main.o
       132         22          0          0          0       1627   misc.o
       164          8          0          0          0       1149   mpu6050.o
       344          6         48          0          0       2935   rtc.o
      1160         68        109          1       4096      12439   st7735.o
        36          8        236          0       1024        852   startup_stm32f10x_md.o
         0          0       1697         36          0       1516   stfonts.o
        16          0          0          0          0        473   stm32f10x_bkp.o
       506         26          0          0          0       5203   stm32f10x_dma.o
       314          0          0          0          0       4312   stm32f10x_gpio.o
        12          6          0          0          0        502   stm32f10x_pwr.o
       460         64          0         20          0       7746   stm32f10x_rcc.o
       200         36          0          0          0       3599   stm32f10x_rtc.o
       124          0          0          0          0       3949   stm32f10x_spi.o
       246         42          0          0          0       3618   stm32f10x_tim.o
       472          6          0          0          0       6859   stm32f10x_usart.o
       624         22          0          0          0       5616   swi2c.o
       328         28          0          0          0       2105   system_stm32f10x.o
       142         10          0          4          0       2130   timer.o
       160         28          0          0          0       1312   weather.o

    ----------------------------------------------------------------------
      8724       1058      32556        124       9216     373205   Object Totals
         0          0         32          0          0          0   (incl. Generated)
        20          0          7          4          0          0   (incl. Padding)

    ----------------------------------------------------------------------

      Code (inc. data)   RO Data    RW Data    ZI Data      Debug   Library Member Name

        28          0          0          0          0         68   _chval.o
       158          0          0          0          0         92   _strtoul.o
        26          0          0          0          0         80   atoi.o
         8          4        133          0          0         68   ctype_o.o
         0          0          0          0          0          0   entry.o
         0          0          0          0          0          0   entry10a.o
         0          0          0          0          0          0   entry11a.o
         4          0          0          0          0          0   entry12b.o
         8          4          0          0          0          0   entry2.o
         4          0          0          0          0          0   entry5.o
         0          0          0          0          0          0   entry7b.o
         0          0          0          0          0          0   entry8b.o
         8          4          0          0          0          0   entry9a.o
         8          4          0          4          0         68   errno.o
        30          0          0          0          0          0   handlers.o
        36          8          0          0          0         68   init.o
         0          0          0          0          0          0   iusefp.o
        30          0          0          0          0         68   llshl.o
        36          0          0          0          0         68   llsshr.o
        32          0          0          0          0         68   llushr.o
        36          0          0          0          0         68   memcpya.o
      2260         84          0          0          0        536   printfa.o
        20          0          0          0          0         68   strchr.o
        28          0          0          0          0         76   strcmp.o
        14          0          0          0          0         68   strlen.o
        24          0          0          0          0         76   strncpy.o
        36          0          0          0          0         80   strstr.o
       112          0          0          0          0         88   strtol.o
        44          0          0          0          0         80   uidiv.o
        98          0          0          0          0         92   uldiv.o
        48          0          0          0          0         68   cdrcmple.o
        20          0          0          0          0         68   cfcmple.o
       334          0          0          0          0        148   dadd.o
       222          0          0          0          0        100   ddiv.o
       186          0          0          0          0        176   depilogue.o
        48          0          0          0          0         68   dfixul.o
       228          0          0          0          0         96   dmul.o
        38          0          0          0          0         68   f2d.o
       176          0          0          0          0        140   fadd.o
       124          0          0          0          0         88   fdiv.o
       110          0          0          0          0        168   fepilogue.o
        18          0          0          0          0         68   fflti.o

    ----------------------------------------------------------------------
      4644        108        136          4          0       3136   Library Totals
         4          0          3          0          0          0   (incl. Padding)

    ----------------------------------------------------------------------

      Code (inc. data)   RO Data    RW Data    ZI Data      Debug   Library Name

      3088        108        133          4          0       1880   mc_w.l
      1552          0          0          0          0       1256   mf_w.l

    ----------------------------------------------------------------------
      4644        108        136          4          0       3136   Library Totals

    ----------------------------------------------------------------------

==============================================================================


      Code (inc. data)   RO Data    RW Data    ZI Data      Debug   

     13368       1166      32692        128       9216     368849   Grand Totals
     13368       1166      32692        128       9216     368849   ELF Image Totals
     13368       1166      32692        128          0          0   ROM Totals

==============================================================================

    Total RO  Size (Code + RO Data)                46060 (  44.98kB)
    Total RW  Size (RW Data + ZI Data)              9344 (   9.13kB)
    Total ROM Size (Code + RO Data + RW Data)      46188 (  45.11kB)

==============================================================================

