<html>
<body>
<pre>
<h1>µVision Build Log</h1>
<h2>Tool Versions:</h2>
IDE-Version: ¦ÌVision V5.36.0.0
Copyright (C) 2021 ARM Ltd and ARM Germany GmbH. All rights reserved.
License Information: 123 251500892@qq.com, 123, LIC=21E4T-RAS4M-VESHA-1QPUP-99MMY-06GVQ
 
Tool Versions:
Toolchain:       MDK-ARM Plus  Version: 5.36.0.0
Toolchain Path:  D:\Software\Keil5\ARM\ARMCC\Bin
C Compiler:      Armcc.exe V5.06 update 7 (build 960)
Assembler:       Armasm.exe V5.06 update 7 (build 960)
Linker/Locator:  ArmLink.exe V5.06 update 7 (build 960)
Library Manager: ArmAr.exe V5.06 update 7 (build 960)
Hex Converter:   FromElf.exe V5.06 update 7 (build 960)
CPU DLL:         SARMCM3.DLL V5.36.0.0
Dialog DLL:      DCM.DLL V1.17.3.0
Target DLL:      STLink\ST-LINKIII-KEIL_SWO.dll V3.0.9.0
Dialog DLL:      TCM.DLL V1.53.0.0
 
<h2>Project:</h2>
C:\Users\25150\Desktop\stm32f1-clock_weather_project\mdk\stm32f103.uvprojx
Project File Date:  03/02/2025

<h2>Output:</h2>
*** Using Compiler 'V5.06 update 7 (build 960)', folder: 'D:\Software\Keil5\ARM\ARMCC\Bin'
Build target 'project'
compiling main.c...
..\app\main.c(12): warning:  #177-D: variable "wifi_ssid"  was declared but never referenced
  static const char *wifi_ssid = "X100s";
..\app\main.c(13): warning:  #177-D: variable "wifi_passward"  was declared but never referenced
  static const char *wifi_passward = "llljjjwww";
..\app\main.c(14): warning:  #177-D: variable "weather_url"  was declared but never referenced
  static const char *weather_url = "https://api.seniverse.com/v3/weather/now.json?key=S8l98VrOAK5fFI3YX&location=meizhou&language=en&unit=c";
..\app\main.c(15): warning:  #177-D: variable "city"  was declared but never referenced
  static const char *city = "meizhou";
..\app\main.c: 4 warnings, 0 errors
linking...
Program Size: Code=3444 RO-data=2428 RW-data=24 ZI-data=5120  
".\Objects\stm32f103.axf" - 0 Error(s), 4 Warning(s).

<h2>Software Packages used:</h2>

Package Vendor: Keil
                http://www.keil.com/pack/Keil.STM32F1xx_DFP.2.3.0.pack
                Keil.STM32F1xx_DFP.2.3.0
                STMicroelectronics STM32F1 Series Device Support, Drivers and Examples

<h2>Collection of Component include folders:</h2>
  C:\Users\25150\AppData\Local\Arm\Packs\Keil\STM32F1xx_DFP\2.3.0\Device\Include

<h2>Collection of Component Files used:</h2>
Build Time Elapsed:  00:00:01
</pre>
</body>
</html>
